Archive member included to satisfy reference by file (symbol)

c:/program files (x86)/gnu arm embedded toolchain/10 2021.10/bin/../lib/gcc/arm-none-eabi/10.3.1/../../../../arm-none-eabi/lib/thumb/v7e-m+fp/hard\libc_nano.a(lib_a-errno.o)
                              build/sysmem.o (__errno)
c:/program files (x86)/gnu arm embedded toolchain/10 2021.10/bin/../lib/gcc/arm-none-eabi/10.3.1/../../../../arm-none-eabi/lib/thumb/v7e-m+fp/hard\libc_nano.a(lib_a-exit.o)
                              c:/program files (x86)/gnu arm embedded toolchain/10 2021.10/bin/../lib/gcc/arm-none-eabi/10.3.1/../../../../arm-none-eabi/lib/thumb/v7e-m+fp/hard/crt0.o (exit)
c:/program files (x86)/gnu arm embedded toolchain/10 2021.10/bin/../lib/gcc/arm-none-eabi/10.3.1/../../../../arm-none-eabi/lib/thumb/v7e-m+fp/hard\libc_nano.a(lib_a-impure.o)
                              c:/program files (x86)/gnu arm embedded toolchain/10 2021.10/bin/../lib/gcc/arm-none-eabi/10.3.1/../../../../arm-none-eabi/lib/thumb/v7e-m+fp/hard\libc_nano.a(lib_a-exit.o) (_global_impure_ptr)
c:/program files (x86)/gnu arm embedded toolchain/10 2021.10/bin/../lib/gcc/arm-none-eabi/10.3.1/../../../../arm-none-eabi/lib/thumb/v7e-m+fp/hard\libc_nano.a(lib_a-init.o)
                              c:/program files (x86)/gnu arm embedded toolchain/10 2021.10/bin/../lib/gcc/arm-none-eabi/10.3.1/../../../../arm-none-eabi/lib/thumb/v7e-m+fp/hard/crt0.o (__libc_init_array)
c:/program files (x86)/gnu arm embedded toolchain/10 2021.10/bin/../lib/gcc/arm-none-eabi/10.3.1/../../../../arm-none-eabi/lib/thumb/v7e-m+fp/hard\libc_nano.a(lib_a-memset.o)
                              c:/program files (x86)/gnu arm embedded toolchain/10 2021.10/bin/../lib/gcc/arm-none-eabi/10.3.1/../../../../arm-none-eabi/lib/thumb/v7e-m+fp/hard/crt0.o (memset)
c:/program files (x86)/gnu arm embedded toolchain/10 2021.10/bin/../lib/gcc/arm-none-eabi/10.3.1/../../../../arm-none-eabi/lib/thumb/v7e-m+fp/hard\libc_nano.a(lib_a-nano-vfprintf_float.o)
                              (_printf_float)
c:/program files (x86)/gnu arm embedded toolchain/10 2021.10/bin/../lib/gcc/arm-none-eabi/10.3.1/../../../../arm-none-eabi/lib/thumb/v7e-m+fp/hard\libc_nano.a(lib_a-nano-vfprintf_i.o)
                              c:/program files (x86)/gnu arm embedded toolchain/10 2021.10/bin/../lib/gcc/arm-none-eabi/10.3.1/../../../../arm-none-eabi/lib/thumb/v7e-m+fp/hard\libc_nano.a(lib_a-nano-vfprintf_float.o) (_printf_common)
c:/program files (x86)/gnu arm embedded toolchain/10 2021.10/bin/../lib/gcc/arm-none-eabi/10.3.1/../../../../arm-none-eabi/lib/thumb/v7e-m+fp/hard\libc_nano.a(lib_a-printf.o)
                              build/main.o (printf)
c:/program files (x86)/gnu arm embedded toolchain/10 2021.10/bin/../lib/gcc/arm-none-eabi/10.3.1/../../../../arm-none-eabi/lib/thumb/v7e-m+fp/hard\libc_nano.a(lib_a-puts.o)
                              build/main.o (puts)
c:/program files (x86)/gnu arm embedded toolchain/10 2021.10/bin/../lib/gcc/arm-none-eabi/10.3.1/../../../../arm-none-eabi/lib/thumb/v7e-m+fp/hard\libc_nano.a(lib_a-snprintf.o)
                              build/main.o (snprintf)
c:/program files (x86)/gnu arm embedded toolchain/10 2021.10/bin/../lib/gcc/arm-none-eabi/10.3.1/../../../../arm-none-eabi/lib/thumb/v7e-m+fp/hard\libc_nano.a(lib_a-strlen.o)
                              c:/program files (x86)/gnu arm embedded toolchain/10 2021.10/bin/../lib/gcc/arm-none-eabi/10.3.1/../../../../arm-none-eabi/lib/thumb/v7e-m+fp/hard\libc_nano.a(lib_a-nano-vfprintf_float.o) (strlen)
c:/program files (x86)/gnu arm embedded toolchain/10 2021.10/bin/../lib/gcc/arm-none-eabi/10.3.1/../../../../arm-none-eabi/lib/thumb/v7e-m+fp/hard\libc_nano.a(lib_a-wbuf.o)
                              c:/program files (x86)/gnu arm embedded toolchain/10 2021.10/bin/../lib/gcc/arm-none-eabi/10.3.1/../../../../arm-none-eabi/lib/thumb/v7e-m+fp/hard\libc_nano.a(lib_a-puts.o) (__swbuf_r)
c:/program files (x86)/gnu arm embedded toolchain/10 2021.10/bin/../lib/gcc/arm-none-eabi/10.3.1/../../../../arm-none-eabi/lib/thumb/v7e-m+fp/hard\libc_nano.a(lib_a-wsetup.o)
                              c:/program files (x86)/gnu arm embedded toolchain/10 2021.10/bin/../lib/gcc/arm-none-eabi/10.3.1/../../../../arm-none-eabi/lib/thumb/v7e-m+fp/hard\libc_nano.a(lib_a-puts.o) (__swsetup_r)
c:/program files (x86)/gnu arm embedded toolchain/10 2021.10/bin/../lib/gcc/arm-none-eabi/10.3.1/../../../../arm-none-eabi/lib/thumb/v7e-m+fp/hard\libc_nano.a(lib_a-dtoa.o)
                              c:/program files (x86)/gnu arm embedded toolchain/10 2021.10/bin/../lib/gcc/arm-none-eabi/10.3.1/../../../../arm-none-eabi/lib/thumb/v7e-m+fp/hard\libc_nano.a(lib_a-nano-vfprintf_float.o) (_dtoa_r)
c:/program files (x86)/gnu arm embedded toolchain/10 2021.10/bin/../lib/gcc/arm-none-eabi/10.3.1/../../../../arm-none-eabi/lib/thumb/v7e-m+fp/hard\libc_nano.a(lib_a-fflush.o)
[...]
Memory Configuration

Name             Origin             Length             Attributes
RAM              0x20000000         0x00020000         xrw
FLASH            0x08000000         0x00080000         xr
*default*        0x00000000         0xffffffff

Linker script and memory map

LOAD c:/program files (x86)/gnu arm embedded toolchain/10 2021.10/bin/../lib/gcc/arm-none-eabi/10.3.1/thumb/v7e-m+fp/hard/crti.o
LOAD c:/program files (x86)/gnu arm embedded toolchain/10 2021.10/bin/../lib/gcc/arm-none-eabi/10.3.1/thumb/v7e-m+fp/hard/crtbegin.o
LOAD c:/program files (x86)/gnu arm embedded toolchain/10 2021.10/bin/../lib/gcc/arm-none-eabi/10.3.1/../../../../arm-none-eabi/lib/thumb/v7e-m+fp/hard/crt0.o
LOAD build/main.o
LOAD build/stm32f4xx_it.o
LOAD build/stm32f4xx_hal_msp.o
LOAD build/stm32f4xx_hal_i2c.o
LOAD build/stm32f4xx_hal_i2c_ex.o
LOAD build/stm32f4xx_hal_rcc.o
LOAD build/stm32f4xx_hal_rcc_ex.o
LOAD build/stm32f4xx_hal_flash.o
LOAD build/stm32f4xx_hal_flash_ex.o
LOAD build/stm32f4xx_hal_flash_ramfunc.o
LOAD build/stm32f4xx_hal_gpio.o
LOAD build/stm32f4xx_hal_dma_ex.o
LOAD build/stm32f4xx_hal_dma.o
LOAD build/stm32f4xx_hal_pwr.o
LOAD build/stm32f4xx_hal_pwr_ex.o
LOAD build/stm32f4xx_hal_cortex.o
LOAD build/stm32f4xx_hal.o
LOAD build/stm32f4xx_hal_exti.o
LOAD build/stm32f4xx_hal_uart.o
LOAD build/arm_cos_f32.o
LOAD build/arm_atan2_f32.o
LOAD build/arm_sin_f32.o
LOAD build/arm_quaternion_product_f32.o
LOAD build/arm_quaternion_normalize_f32.o
LOAD build/arm_quaternion_product_single_f32.o
LOAD build/arm_common_tables.o
LOAD build/system_stm32f4xx.o
LOAD build/sysmem.o
LOAD build/syscalls.o
LOAD build/mpu6050_driver.o
LOAD build/quaternion.o
LOAD build/startup_stm32f411xe.o
LOAD c:/program files (x86)/gnu arm embedded toolchain/10 2021.10/bin/../lib/gcc/arm-none-eabi/10.3.1/../../../../arm-none-eabi/lib/thumb/v7e-m+fp/hard\libc_nano.a
LOAD c:/program files (x86)/gnu arm embedded toolchain/10 2021.10/bin/../lib/gcc/arm-none-eabi/10.3.1/../../../../arm-none-eabi/lib/thumb/v7e-m+fp/hard\libm.a
LOAD c:/program files (x86)/gnu arm embedded toolchain/10 2021.10/bin/../lib/gcc/arm-none-eabi/10.3.1/../../../../arm-none-eabi/lib/thumb/v7e-m+fp/hard\libnosys.a
START GROUP
LOAD c:/program files (x86)/gnu arm embedded toolchain/10 2021.10/bin/../lib/gcc/arm-none-eabi/10.3.1/thumb/v7e-m+fp/hard\libgcc.a
LOAD c:/program files (x86)/gnu arm embedded toolchain/10 2021.10/bin/../lib/gcc/arm-none-eabi/10.3.1/../../../../arm-none-eabi/lib/thumb/v7e-m+fp/hard\libc_nano.a
END GROUP
START GROUP
LOAD c:/program files (x86)/gnu arm embedded toolchain/10 2021.10/bin/../lib/gcc/arm-none-eabi/10.3.1/thumb/v7e-m+fp/hard\libgcc.a
LOAD c:/program files (x86)/gnu arm embedded toolchain/10 2021.10/bin/../lib/gcc/arm-none-eabi/10.3.1/../../../../arm-none-eabi/lib/thumb/v7e-m+fp/hard\libc_nano.a
END GROUP
LOAD c:/program files (x86)/gnu arm embedded toolchain/10 2021.10/bin/../lib/gcc/arm-none-eabi/10.3.1/thumb/v7e-m+fp/hard/crtend.o
LOAD c:/program files (x86)/gnu arm embedded toolchain/10 2021.10/bin/../lib/gcc/arm-none-eabi/10.3.1/thumb/v7e-m+fp/hard/crtn.o
                0x20020000                _estack = (ORIGIN (RAM) + LENGTH (RAM))
                0x00000200                _Min_Heap_Size = 0x200
                0x00000400                _Min_Stack_Size = 0x400

.isr_vector     0x08000000      0x198
                0x08000000                . = ALIGN (0x4)
 *(.isr_vector)
 .isr_vector    0x08000000      0x198 build/startup_stm32f411xe.o
                0x08000000                g_pfnVectors
                0x08000198                . = ALIGN (0x4)

.text           0x080001a0     0x6c84
                0x080001a0                . = ALIGN (0x4)
 *(.text)
 .text          0x080001a0       0x40 c:/program files (x86)/gnu arm embedded toolchain/10 2021.10/bin/../lib/gcc/arm-none-eabi/10.3.1/thumb/v7e-m+fp/hard/crtbegin.o
 .text          0x080001e0       0x10 c:/program files (x86)/gnu arm embedded toolchain/10 2021.10/bin/../lib/gcc/arm-none-eabi/10.3.1/../../../../arm-none-eabi/lib/thumb/v7e-m+fp/hard\libc_nano.a(lib_a-strlen.o)
                0x080001e0                strlen
 .text          0x080001f0       0xa0 c:/program files (x86)/gnu arm embedded toolchain/10 2021.10/bin/../lib/gcc/arm-none-eabi/10.3.1/../../../../arm-none-eabi/lib/thumb/v7e-m+fp/hard\libc_nano.a(lib_a-memchr.o)
                0x080001f0                memchr
 .text          0x08000290      0x378 c:/program files (x86)/gnu arm embedded toolchain/10 2021.10/bin/../lib/gcc/arm-none-eabi/10.3.1/thumb/v7e-m+fp/hard\libgcc.a(_arm_addsubdf3.o)
                0x08000290                __aeabi_drsub
                0x08000298                __aeabi_dsub
                0x08000298                __subdf3
                0x0800029c                __aeabi_dadd
                0x0800029c                __adddf3
                0x08000514                __floatunsidf
                0x08000514                __aeabi_ui2d
                0x08000534                __floatsidf
                0x08000534                __aeabi_i2d
                0x08000558                __aeabi_f2d
                0x08000558                __extendsfdf2
                0x0800059c                __floatundidf
                0x0800059c                __aeabi_ul2d
                0x080005ac                __floatdidf
                0x080005ac                __aeabi_l2d
 .text          0x08000608      0x424 c:/program files (x86)/gnu arm embedded toolchain/10 2021.10/bin/../lib/gcc/arm-none-eabi/10.3.1/thumb/v7e-m+fp/hard\libgcc.a(_arm_muldivdf3.o)
                0x08000608                __aeabi_dmul
                0x08000608                __muldf3
                0x0800085c                __divdf3
                0x0800085c                __aeabi_ddiv
 .text          0x08000a2c      0x110 c:/program files (x86)/gnu arm embedded toolchain/10 2021.10/bin/../lib/gcc/arm-none-eabi/10.3.1/thumb/v7e-m+fp/hard\libgcc.a(_arm_cmpdf2.o)
                0x08000a2c                __gtdf2
                0x08000a2c                __gedf2
                0x08000a34                __ltdf2
                0x08000a34                __ledf2
                0x08000a3c                __nedf2
                0x08000a3c                __eqdf2
                0x08000a3c                __cmpdf2
                0x08000ab8                __aeabi_cdrcmple
                0x08000ac8                __aeabi_cdcmpeq
                0x08000ac8                __aeabi_cdcmple
                0x08000ad8                __aeabi_dcmpeq
                0x08000aec                __aeabi_dcmplt
                0x08000b00                __aeabi_dcmple
                0x08000b14                __aeabi_dcmpge
                0x08000b28                __aeabi_dcmpgt
 .text          0x08000b3c       0x2c c:/program files (x86)/gnu arm embedded toolchain/10 2021.10/bin/../lib/gcc/arm-none-eabi/10.3.1/thumb/v7e-m+fp/hard\libgcc.a(_arm_unorddf2.o)
                0x08000b3c                __unorddf2
                0x08000b3c                __aeabi_dcmpun
 .text          0x08000b68       0x50 c:/program files (x86)/gnu arm embedded toolchain/10 2021.10/bin/../lib/gcc/arm-none-eabi/10.3.1/thumb/v7e-m+fp/hard\libgcc.a(_arm_fixdfsi.o)
                0x08000b68                __aeabi_d2iz
                0x08000b68                __fixdfsi
 .text          0x08000bb8       0xa0 c:/program files (x86)/gnu arm embedded toolchain/10 2021.10/bin/../lib/gcc/arm-none-eabi/10.3.1/thumb/v7e-m+fp/hard\libgcc.a(_arm_truncdfsf2.o)
                0x08000bb8                __truncdfsf2
                0x08000bb8                __aeabi_d2f
 .text          0x08000c58       0x30 c:/program files (x86)/gnu arm embedded toolchain/10 2021.10/bin/../lib/gcc/arm-none-eabi/10.3.1/thumb/v7e-m+fp/hard\libgcc.a(_aeabi_uldivmod.o)
                0x08000c58                __aeabi_uldivmod
 .text          0x08000c88      0x2d0 c:/program files (x86)/gnu arm embedded toolchain/10 2021.10/bin/../lib/gcc/arm-none-eabi/10.3.1/thumb/v7e-m+fp/hard\libgcc.a(_udivmoddi4.o)
                0x08000c88                __udivmoddi4
 .text          0x08000f58        0x4 c:/program files (x86)/gnu arm embedded toolchain/10 2021.10/bin/../lib/gcc/arm-none-eabi/10.3.1/thumb/v7e-m+fp/hard\libgcc.a(_dvmd_tls.o)
                0x08000f58                __aeabi_idiv0
                0x08000f58                __aeabi_ldiv0
 *(.text*)
 .text.MX_GPIO_Init
                0x08000f5c       0xa8 build/main.o
 .text.Error_Handler
                0x08001004        0x4 build/main.o
                0x08001004                Error_Handler
 .text.MX_I2C1_Init
                0x08001008       0x38 build/main.o
 .text.MX_USART2_UART_Init
                0x08001040       0x34 build/main.o
 .text.SystemClock_Config
                0x08001074       0xa0 build/main.o
                0x08001074                SystemClock_Config
 .text.main     0x08001114      0x170 build/main.o
                0x08001114                main
 .text.NMI_Handler
                0x08001284        0x2 build/stm32f4xx_it.o
                0x08001284                NMI_Handler
 .text.HardFault_Handler
                0x08001286        0x2 build/stm32f4xx_it.o
                0x08001286                HardFault_Handler
 .text.MemManage_Handler
                0x08001288        0x2 build/stm32f4xx_it.o
                0x08001288                MemManage_Handler
 .text.BusFault_Handler
                0x0800128a        0x2 build/stm32f4xx_it.o
                0x0800128a                BusFault_Handler
 .text.UsageFault_Handler
                0x0800128c        0x2 build/stm32f4xx_it.o
                0x0800128c                UsageFault_Handler
 .text.SVC_Handler
                0x0800128e        0x2 build/stm32f4xx_it.o
                0x0800128e                SVC_Handler
 .text.DebugMon_Handler
                0x08001290        0x2 build/stm32f4xx_it.o
                0x08001290                DebugMon_Handler
 .text.PendSV_Handler
                0x08001292        0x2 build/stm32f4xx_it.o
                0x08001292                PendSV_Handler
 .text.SysTick_Handler
                0x08001294        0x8 build/stm32f4xx_it.o
                0x08001294                SysTick_Handler
 .text.HAL_MspInit
                0x0800129c       0x40 build/stm32f4xx_hal_msp.o
                0x0800129c                HAL_MspInit
 .text.HAL_I2C_MspInit
                0x080012dc       0x70 build/stm32f4xx_hal_msp.o
                0x080012dc                HAL_I2C_MspInit
 .text.HAL_UART_MspInit
                0x0800134c       0x70 build/stm32f4xx_hal_msp.o
                0x0800134c                HAL_UART_MspInit
 .text.I2C_IsAcknowledgeFailed
                0x080013bc       0x32 build/stm32f4xx_hal_i2c.o
 .text.I2C_WaitOnFlagUntilTimeout
                0x080013ee       0xaa build/stm32f4xx_hal_i2c.o
 .text.I2C_WaitOnMasterAddressFlagUntilTimeout
                0x08001498       0xd6 build/stm32f4xx_hal_i2c.o
 .text.I2C_WaitOnTXEFlagUntilTimeout
                0x0800156e       0x5e build/stm32f4xx_hal_i2c.o
 .text.I2C_RequestMemoryWrite
                0x080015cc       0xd8 build/stm32f4xx_hal_i2c.o
 .text.I2C_RequestMemoryRead
                0x080016a4      0x154 build/stm32f4xx_hal_i2c.o
 .text.I2C_WaitOnBTFFlagUntilTimeout
                0x080017f8       0x5e build/stm32f4xx_hal_i2c.o
 .text.I2C_WaitOnRXNEFlagUntilTimeout
                0x08001856       0x78 build/stm32f4xx_hal_i2c.o
 *fill*         0x080018ce        0x2 
 .text.HAL_I2C_Init
                0x080018d0      0x1bc build/stm32f4xx_hal_i2c.o
                0x080018d0                HAL_I2C_Init
 .text.HAL_I2C_Mem_Write
                0x08001a8c      0x164 build/stm32f4xx_hal_i2c.o
                0x08001a8c                HAL_I2C_Mem_Write
 .text.HAL_I2C_Mem_Read
                0x08001bf0      0x2f8 build/stm32f4xx_hal_i2c.o
                0x08001bf0                HAL_I2C_Mem_Read
 .text.HAL_I2C_IsDeviceReady
                0x08001ee8      0x194 build/stm32f4xx_hal_i2c.o
                0x08001ee8                HAL_I2C_IsDeviceReady
 .text.HAL_RCC_OscConfig
                0x0800207c      0x3f8 build/stm32f4xx_hal_rcc.o
                0x0800207c                HAL_RCC_OscConfig
 .text.HAL_RCC_GetSysClockFreq
                0x08002474       0xd4 build/stm32f4xx_hal_rcc.o
                0x08002474                HAL_RCC_GetSysClockFreq
 .text.HAL_RCC_ClockConfig
                0x08002548      0x160 build/stm32f4xx_hal_rcc.o
                0x08002548                HAL_RCC_ClockConfig
 .text.HAL_RCC_GetHCLKFreq
                0x080026a8        0xc build/stm32f4xx_hal_rcc.o
                0x080026a8                HAL_RCC_GetHCLKFreq
 .text.HAL_RCC_GetPCLK1Freq
                0x080026b4       0x20 build/stm32f4xx_hal_rcc.o
                0x080026b4                HAL_RCC_GetPCLK1Freq
 .text.HAL_RCC_GetPCLK2Freq
                0x080026d4       0x20 build/stm32f4xx_hal_rcc.o
                0x080026d4                HAL_RCC_GetPCLK2Freq
 .text.HAL_GPIO_Init
                0x080026f4      0x1c0 build/stm32f4xx_hal_gpio.o
                0x080026f4                HAL_GPIO_Init
 .text.HAL_GPIO_DeInit
                0x080028b4      0x110 build/stm32f4xx_hal_gpio.o
                0x080028b4                HAL_GPIO_DeInit
 .text.HAL_GPIO_WritePin
                0x080029c4        0xc build/stm32f4xx_hal_gpio.o
                0x080029c4                HAL_GPIO_WritePin
 .text.HAL_NVIC_SetPriorityGrouping
                0x080029d0       0x24 build/stm32f4xx_hal_cortex.o
                0x080029d0                HAL_NVIC_SetPriorityGrouping
 .text.HAL_NVIC_SetPriority
                0x080029f4       0x70 build/stm32f4xx_hal_cortex.o
                0x080029f4                HAL_NVIC_SetPriority
 .text.HAL_SYSTICK_Config
                0x08002a64       0x28 build/stm32f4xx_hal_cortex.o
                0x08002a64                HAL_SYSTICK_Config
 .text.HAL_InitTick
                0x08002a8c       0x4c build/stm32f4xx_hal.o
                0x08002a8c                HAL_InitTick
 .text.HAL_Init
                0x08002ad8       0x34 build/stm32f4xx_hal.o
                0x08002ad8                HAL_Init
 .text.HAL_IncTick
                0x08002b0c       0x18 build/stm32f4xx_hal.o
                0x08002b0c                HAL_IncTick
 .text.HAL_GetTick
                0x08002b24        0xc build/stm32f4xx_hal.o
                0x08002b24                HAL_GetTick
 .text.HAL_Delay
                0x08002b30       0x28 build/stm32f4xx_hal.o
                0x08002b30                HAL_Delay
 .text.UART_EndRxTransfer
                0x08002b58       0x5c build/stm32f4xx_hal_uart.o
 .text.UART_SetConfig
                0x08002bb4      0x110 build/stm32f4xx_hal_uart.o
 .text.UART_WaitOnFlagUntilTimeout
                0x08002cc4       0x8a build/stm32f4xx_hal_uart.o
 .text.HAL_UART_Init
                0x08002d4e       0x60 build/stm32f4xx_hal_uart.o
                0x08002d4e                HAL_UART_Init
 .text.HAL_UART_Transmit
                0x08002dae       0xcc build/stm32f4xx_hal_uart.o
                0x08002dae                HAL_UART_Transmit
 *fill*         0x08002e7a        0x2 
 .text.arm_cos_f32
                0x08002e7c       0x98 build/arm_cos_f32.o
                0x08002e7c                arm_cos_f32
 .text.arm_atan2_f32
                0x08002f14      0x26c build/arm_atan2_f32.o
                0x08002f14                arm_atan2_f32
 .text.arm_sin_f32
                0x08003180       0x90 build/arm_sin_f32.o
                0x08003180                arm_sin_f32
 .text.arm_quaternion_product_f32
                0x08003210       0x2a build/arm_quaternion_product_f32.o
                0x08003210                arm_quaternion_product_f32
 .text.arm_quaternion_normalize_f32
                0x0800323a       0xae build/arm_quaternion_normalize_f32.o
                0x0800323a                arm_quaternion_normalize_f32
 .text.arm_quaternion_product_single_f32
                0x080032e8      0x102 build/arm_quaternion_product_single_f32.o
                0x080032e8                arm_quaternion_product_single_f32
 *fill*         0x080033ea        0x2 
 .text.SystemInit
                0x080033ec       0x14 build/system_stm32f4xx.o
                0x080033ec                SystemInit
 .text._sbrk    0x08003400       0x48 build/sysmem.o
                0x08003400                _sbrk
 .text._getpid  0x08003448        0x4 build/syscalls.o
                0x08003448                _getpid
 .text._kill    0x0800344c       0x10 build/syscalls.o
                0x0800344c                _kill
 .text._exit    0x0800345c        0xc build/syscalls.o
                0x0800345c                _exit
 .text._read    0x08003468       0x20 build/syscalls.o
                0x08003468                _read
 .text._write   0x08003488       0x1c build/syscalls.o
                0x08003488                _write
 .text._close   0x080034a4        0x6 build/syscalls.o
                0x080034a4                _close
 .text._fstat   0x080034aa        0xa build/syscalls.o
                0x080034aa                _fstat
 .text._isatty  0x080034b4        0x4 build/syscalls.o
                0x080034b4                _isatty
 .text._lseek   0x080034b8        0x4 build/syscalls.o
                0x080034b8                _lseek
 .text.mpu6050_init
                0x080034bc      0x148 build/mpu6050_driver.o
                0x080034bc                mpu6050_init
 .text.mpu6050_data
                0x08003604      0x19c build/mpu6050_driver.o
                0x08003604                mpu6050_data
 .text.LPF_Apply
                0x080037a0       0xc0 build/mpu6050_driver.o
                0x080037a0                LPF_Apply
 .text.i2c_reset
                0x08003860       0x84 build/mpu6050_driver.o
                0x08003860                i2c_reset
 .text.fast_copysign
                0x080038e4       0x1a build/quaternion.o
 .text.struct_to_array
                0x080038fe       0x12 build/quaternion.o
 .text.array_to_struct
                0x08003910       0x12 build/quaternion.o
 *fill*         0x08003922        0x2 
 .text.quaternion_identity
                0x08003924       0x2c build/quaternion.o
                0x08003924                quaternion_identity
 .text.quaternion_from_gyro
                0x08003950       0xd8 build/quaternion.o
                0x08003950                quaternion_from_gyro
 .text.quaternion_to_euler
                0x08003a28       0xcc build/quaternion.o
                0x08003a28                quaternion_to_euler
 .text.quaternion_update
                0x08003af4       0x86 build/quaternion.o
                0x08003af4                quaternion_update
 *fill*         0x08003b7a        0x2 
 .text.Reset_Handler
                0x08003b7c       0x50 build/startup_stm32f411xe.o
                0x08003b7c                Reset_Handler
 .text.Default_Handler
                0x08003bcc        0x2 build/startup_stm32f411xe.o
                0x08003bcc                RTC_Alarm_IRQHandler
                0x08003bcc                EXTI2_IRQHandler
                0x08003bcc                SPI4_IRQHandler
                0x08003bcc                TIM1_CC_IRQHandler
                0x08003bcc                DMA2_Stream5_IRQHandler
                0x08003bcc                DMA1_Stream5_IRQHandler
                0x08003bcc                PVD_IRQHandler
                0x08003bcc                SDIO_IRQHandler
                0x08003bcc                TAMP_STAMP_IRQHandler
                0x08003bcc                EXTI3_IRQHandler
                0x08003bcc                TIM1_UP_TIM10_IRQHandler
                0x08003bcc                I2C3_ER_IRQHandler
                0x08003bcc                EXTI0_IRQHandler
                0x08003bcc                I2C2_EV_IRQHandler
                0x08003bcc                DMA1_Stream2_IRQHandler
                0x08003bcc                FPU_IRQHandler
                0x08003bcc                DMA2_Stream2_IRQHandler
                0x08003bcc                SPI1_IRQHandler
                0x08003bcc                TIM1_BRK_TIM9_IRQHandler
                0x08003bcc                DMA2_Stream3_IRQHandler
                0x08003bcc                USART6_IRQHandler
                0x08003bcc                DMA2_Stream0_IRQHandler
                0x08003bcc                TIM4_IRQHandler
                0x08003bcc                I2C1_EV_IRQHandler
                0x08003bcc                DMA1_Stream6_IRQHandler
                0x08003bcc                DMA1_Stream1_IRQHandler
                0x08003bcc                TIM3_IRQHandler
                0x08003bcc                RCC_IRQHandler
                0x08003bcc                Default_Handler
                0x08003bcc                EXTI15_10_IRQHandler
                0x08003bcc                ADC_IRQHandler
                0x08003bcc                DMA1_Stream7_IRQHandler
                0x08003bcc                SPI5_IRQHandler
                0x08003bcc                TIM5_IRQHandler
                0x08003bcc                DMA2_Stream7_IRQHandler
                0x08003bcc                I2C3_EV_IRQHandler
                0x08003bcc                EXTI9_5_IRQHandler
                0x08003bcc                RTC_WKUP_IRQHandler
                0x08003bcc                SPI2_IRQHandler
                0x08003bcc                DMA1_Stream0_IRQHandler
                0x08003bcc                EXTI4_IRQHandler
                0x08003bcc                WWDG_IRQHandler
                0x08003bcc                TIM2_IRQHandler
                0x08003bcc                OTG_FS_WKUP_IRQHandler
                0x08003bcc                TIM1_TRG_COM_TIM11_IRQHandler
                0x08003bcc                EXTI1_IRQHandler
                0x08003bcc                USART2_IRQHandler
                0x08003bcc                I2C2_ER_IRQHandler
                0x08003bcc                DMA2_Stream1_IRQHandler
                0x08003bcc                FLASH_IRQHandler
                0x08003bcc                DMA2_Stream4_IRQHandler
                0x08003bcc                USART1_IRQHandler
                0x08003bcc                OTG_FS_IRQHandler
                0x08003bcc                SPI3_IRQHandler
                0x08003bcc                DMA1_Stream4_IRQHandler
                0x08003bcc                I2C1_ER_IRQHandler
                0x08003bcc                DMA2_Stream6_IRQHandler
                0x08003bcc                DMA1_Stream3_IRQHandler
 *fill*         0x08003bce        0x2 
 .text.__errno  0x08003bd0        0xc c:/program files (x86)/gnu arm embedded toolchain/10 2021.10/bin/../lib/gcc/arm-none-eabi/10.3.1/../../../../arm-none-eabi/lib/thumb/v7e-m+fp/hard\libc_nano.a(lib_a-errno.o)
                0x08003bd0                __errno
 .text.__libc_init_array
                0x08003bdc       0x48 c:/program files (x86)/gnu arm embedded toolchain/10 2021.10/bin/../lib/gcc/arm-none-eabi/10.3.1/../../../../arm-none-eabi/lib/thumb/v7e-m+fp/hard\libc_nano.a(lib_a-init.o)
                0x08003bdc                __libc_init_array
 .text.memset   0x08003c24       0x10 c:/program files (x86)/gnu arm embedded toolchain/10 2021.10/bin/../lib/gcc/arm-none-eabi/10.3.1/../../../../arm-none-eabi/lib/thumb/v7e-m+fp/hard\libc_nano.a(lib_a-memset.o)
                0x08003c24                memset
 .text.__cvt    0x08003c34       0xc4 c:/program files (x86)/gnu arm embedded toolchain/10 2021.10/bin/../lib/gcc/arm-none-eabi/10.3.1/../../../../arm-none-eabi/lib/thumb/v7e-m+fp/hard\libc_nano.a(lib_a-nano-vfprintf_float.o)
                0x08003c34                __cvt
 .text.__exponent
                0x08003cf8       0x7c c:/program files (x86)/gnu arm embedded toolchain/10 2021.10/bin/../lib/gcc/arm-none-eabi/10.3.1/../../../../arm-none-eabi/lib/thumb/v7e-m+fp/hard\libc_nano.a(lib_a-nano-vfprintf_float.o)
                0x08003cf8                __exponent
 .text._printf_float
                0x08003d74      0x46c c:/program files (x86)/gnu arm embedded toolchain/10 2021.10/bin/../lib/gcc/arm-none-eabi/10.3.1/../../../../arm-none-eabi/lib/thumb/v7e-m+fp/hard\libc_nano.a(lib_a-nano-vfprintf_float.o)
                0x08003d74                _printf_float
 .text._printf_common
                0x080041e0       0xda c:/program files (x86)/gnu arm embedded toolchain/10 2021.10/bin/../lib/gcc/arm-none-eabi/10.3.1/../../../../arm-none-eabi/lib/thumb/v7e-m+fp/hard\libc_nano.a(lib_a-nano-vfprintf_i.o)
                0x080041e0                _printf_common
 *fill*         0x080042ba        0x2 
 .text._printf_i
                0x080042bc      0x24c c:/program files (x86)/gnu arm embedded toolchain/10 2021.10/bin/../lib/gcc/arm-none-eabi/10.3.1/../../../../arm-none-eabi/lib/thumb/v7e-m+fp/hard\libc_nano.a(lib_a-nano-vfprintf_i.o)
                0x080042bc                _printf_i
 .text.printf   0x08004508       0x30 c:/program files (x86)/gnu arm embedded toolchain/10 2021.10/bin/../lib/gcc/arm-none-eabi/10.3.1/../../../../arm-none-eabi/lib/thumb/v7e-m+fp/hard\libc_nano.a(lib_a-printf.o)
                0x08004508                iprintf
                0x08004508                printf
 .text._puts_r  0x08004538       0xdc c:/program files (x86)/gnu arm embedded toolchain/10 2021.10/bin/../lib/gcc/arm-none-eabi/10.3.1/../../../../arm-none-eabi/lib/thumb/v7e-m+fp/hard\libc_nano.a(lib_a-puts.o)
                0x08004538                _puts_r
 .text.puts     0x08004614       0x10 c:/program files (x86)/gnu arm embedded toolchain/10 2021.10/bin/../lib/gcc/arm-none-eabi/10.3.1/../../../../arm-none-eabi/lib/thumb/v7e-m+fp/hard\libc_nano.a(lib_a-puts.o)
                0x08004614                puts
 .text.snprintf
                0x08004624       0x68 c:/program files (x86)/gnu arm embedded toolchain/10 2021.10/bin/../lib/gcc/arm-none-eabi/10.3.1/../../../../arm-none-eabi/lib/thumb/v7e-m+fp/hard\libc_nano.a(lib_a-snprintf.o)
                0x08004624                sniprintf
                0x08004624                snprintf
 .text.__swbuf_r
                0x0800468c       0xa4 c:/program files (x86)/gnu arm embedded toolchain/10 2021.10/bin/../lib/gcc/arm-none-eabi/10.3.1/../../../../arm-none-eabi/lib/thumb/v7e-m+fp/hard\libc_nano.a(lib_a-wbuf.o)
                0x0800468c                __swbuf_r
 .text.__swsetup_r
                0x08004730       0xdc c:/program files (x86)/gnu arm embedded toolchain/10 2021.10/bin/../lib/gcc/arm-none-eabi/10.3.1/../../../../arm-none-eabi/lib/thumb/v7e-m+fp/hard\libc_nano.a(lib_a-wsetup.o)
                0x08004730                __swsetup_r
 .text.quorem   0x0800480c      0x116 c:/program files (x86)/gnu arm embedded toolchain/10 2021.10/bin/../lib/gcc/arm-none-eabi/10.3.1/../../../../arm-none-eabi/lib/thumb/v7e-m+fp/hard\libc_nano.a(lib_a-dtoa.o)
 *fill*         0x08004922        0x6 
 .text._dtoa_r  0x08004928      0xbdc c:/program files (x86)/gnu arm embedded toolchain/10 2021.10/bin/../lib/gcc/arm-none-eabi/10.3.1/../../../../arm-none-eabi/lib/thumb/v7e-m+fp/hard\libc_nano.a(lib_a-dtoa.o)
                0x08004928                _dtoa_r
 .text.__sflush_r
                0x08005504      0x10c c:/program files (x86)/gnu arm embedded toolchain/10 2021.10/bin/../lib/gcc/arm-none-eabi/10.3.1/../../../../arm-none-eabi/lib/thumb/v7e-m+fp/hard\libc_nano.a(lib_a-fflush.o)
                0x08005504                __sflush_r
 .text._fflush_r
                0x08005610       0x78 c:/program files (x86)/gnu arm embedded toolchain/10 2021.10/bin/../lib/gcc/arm-none-eabi/10.3.1/../../../../arm-none-eabi/lib/thumb/v7e-m+fp/hard\libc_nano.a(lib_a-fflush.o)
                0x08005610                _fflush_r
 .text.std      0x08005688       0x48 c:/program files (x86)/gnu arm embedded toolchain/10 2021.10/bin/../lib/gcc/arm-none-eabi/10.3.1/../../../../arm-none-eabi/lib/thumb/v7e-m+fp/hard\libc_nano.a(lib_a-findfp.o)
 .text._cleanup_r
                0x080056d0        0xc c:/program files (x86)/gnu arm embedded toolchain/10 2021.10/bin/../lib/gcc/arm-none-eabi/10.3.1/../../../../arm-none-eabi/lib/thumb/v7e-m+fp/hard\libc_nano.a(lib_a-findfp.o)
                0x080056d0                _cleanup_r
 .text.__sfmoreglue
                0x080056dc       0x2c c:/program files (x86)/gnu arm embedded toolchain/10 2021.10/bin/../lib/gcc/arm-none-eabi/10.3.1/../../../../arm-none-eabi/lib/thumb/v7e-m+fp/hard\libc_nano.a(lib_a-findfp.o)
                0x080056dc                __sfmoreglue
 .text.__sfp_lock_acquire
                0x08005708        0xc c:/program files (x86)/gnu arm embedded toolchain/10 2021.10/bin/../lib/gcc/arm-none-eabi/10.3.1/../../../../arm-none-eabi/lib/thumb/v7e-m+fp/hard\libc_nano.a(lib_a-findfp.o)
                0x08005708                __sfp_lock_acquire
 .text.__sfp_lock_release
                0x08005714        0xc c:/program files (x86)/gnu arm embedded toolchain/10 2021.10/bin/../lib/gcc/arm-none-eabi/10.3.1/../../../../arm-none-eabi/lib/thumb/v7e-m+fp/hard\libc_nano.a(lib_a-findfp.o)
                0x08005714                __sfp_lock_release
 .text.__sinit_lock_acquire
                0x08005720        0xc c:/program files (x86)/gnu arm embedded toolchain/10 2021.10/bin/../lib/gcc/arm-none-eabi/10.3.1/../../../../arm-none-eabi/lib/thumb/v7e-m+fp/hard\libc_nano.a(lib_a-findfp.o)
                0x08005720                __sinit_lock_acquire
 .text.__sinit_lock_release
                0x0800572c        0xc c:/program files (x86)/gnu arm embedded toolchain/10 2021.10/bin/../lib/gcc/arm-none-eabi/10.3.1/../../../../arm-none-eabi/lib/thumb/v7e-m+fp/hard\libc_nano.a(lib_a-findfp.o)
                0x0800572c                __sinit_lock_release
 .text.__sinit  0x08005738       0x70 c:/program files (x86)/gnu arm embedded toolchain/10 2021.10/bin/../lib/gcc/arm-none-eabi/10.3.1/../../../../arm-none-eabi/lib/thumb/v7e-m+fp/hard\libc_nano.a(lib_a-findfp.o)
                0x08005738                __sinit
 .text.__sfp    0x080057a8       0x8c c:/program files (x86)/gnu arm embedded toolchain/10 2021.10/bin/../lib/gcc/arm-none-eabi/10.3.1/../../../../arm-none-eabi/lib/thumb/v7e-m+fp/hard\libc_nano.a(lib_a-findfp.o)
                0x080057a8                __sfp
 .text._fwalk_reent
                0x08005834       0x3e c:/program files (x86)/gnu arm embedded toolchain/10 2021.10/bin/../lib/gcc/arm-none-eabi/10.3.1/../../../../arm-none-eabi/lib/thumb/v7e-m+fp/hard\libc_nano.a(lib_a-fwalk.o)
                0x08005834                _fwalk_reent
 *fill*         0x08005872        0x2 
 .text._localeconv_r
                0x08005874        0x8 c:/program files (x86)/gnu arm embedded toolchain/10 2021.10/bin/../lib/gcc/arm-none-eabi/10.3.1/../../../../arm-none-eabi/lib/thumb/v7e-m+fp/hard\libc_nano.a(lib_a-localeconv.o)
                0x08005874                _localeconv_r
 .text.__retarget_lock_init_recursive
                0x0800587c        0x2 c:/program files (x86)/gnu arm embedded toolchain/10 2021.10/bin/../lib/gcc/arm-none-eabi/10.3.1/../../../../arm-none-eabi/lib/thumb/v7e-m+fp/hard\libc_nano.a(lib_a-lock.o)
                0x0800587c                __retarget_lock_init_recursive
 .text.__retarget_lock_acquire_recursive
                0x0800587e        0x2 c:/program files (x86)/gnu arm embedded toolchain/10 2021.10/bin/../lib/gcc/arm-none-eabi/10.3.1/../../../../arm-none-eabi/lib/thumb/v7e-m+fp/hard\libc_nano.a(lib_a-lock.o)
                0x0800587e                __retarget_lock_acquire_recursive
 .text.__retarget_lock_release_recursive
                0x08005880        0x2 c:/program files (x86)/gnu arm embedded toolchain/10 2021.10/bin/../lib/gcc/arm-none-eabi/10.3.1/../../../../arm-none-eabi/lib/thumb/v7e-m+fp/hard\libc_nano.a(lib_a-lock.o)
                0x08005880                __retarget_lock_release_recursive
 .text.__swhatbuf_r
                0x08005882       0x4a c:/program files (x86)/gnu arm embedded toolchain/10 2021.10/bin/../lib/gcc/arm-none-eabi/10.3.1/../../../../arm-none-eabi/lib/thumb/v7e-m+fp/hard\libc_nano.a(lib_a-makebuf.o)
                0x08005882                __swhatbuf_r
 .text.__smakebuf_r
                0x080058cc       0x80 c:/program files (x86)/gnu arm embedded toolchain/10 2021.10/bin/../lib/gcc/arm-none-eabi/10.3.1/../../../../arm-none-eabi/lib/thumb/v7e-m+fp/hard\libc_nano.a(lib_a-makebuf.o)
                0x080058cc                __smakebuf_r
 .text.malloc   0x0800594c       0x10 c:/program files (x86)/gnu arm embedded toolchain/10 2021.10/bin/../lib/gcc/arm-none-eabi/10.3.1/../../../../arm-none-eabi/lib/thumb/v7e-m+fp/hard\libc_nano.a(lib_a-malloc.o)
                0x0800594c                malloc
 .text.memcpy   0x0800595c       0x1c c:/program files (x86)/gnu arm embedded toolchain/10 2021.10/bin/../lib/gcc/arm-none-eabi/10.3.1/../../../../arm-none-eabi/lib/thumb/v7e-m+fp/hard\libc_nano.a(lib_a-memcpy-stub.o)
                0x0800595c                memcpy
 .text._Balloc  0x08005978       0x80 c:/program files (x86)/gnu arm embedded toolchain/10 2021.10/bin/../lib/gcc/arm-none-eabi/10.3.1/../../../../arm-none-eabi/lib/thumb/v7e-m+fp/hard\libc_nano.a(lib_a-mprec.o)
                0x08005978                _Balloc
 .text._Bfree   0x080059f8       0x44 c:/program files (x86)/gnu arm embedded toolchain/10 2021.10/bin/../lib/gcc/arm-none-eabi/10.3.1/../../../../arm-none-eabi/lib/thumb/v7e-m+fp/hard\libc_nano.a(lib_a-mprec.o)
                0x080059f8                _Bfree
 .text.__multadd
                0x08005a3c       0x8c c:/program files (x86)/gnu arm embedded toolchain/10 2021.10/bin/../lib/gcc/arm-none-eabi/10.3.1/../../../../arm-none-eabi/lib/thumb/v7e-m+fp/hard\libc_nano.a(lib_a-mprec.o)
                0x08005a3c                __multadd
 .text.__hi0bits
                0x08005ac8       0x40 c:/program files (x86)/gnu arm embedded toolchain/10 2021.10/bin/../lib/gcc/arm-none-eabi/10.3.1/../../../../arm-none-eabi/lib/thumb/v7e-m+fp/hard\libc_nano.a(lib_a-mprec.o)
                0x08005ac8                __hi0bits
 .text.__lo0bits
                0x08005b08       0x5e c:/program files (x86)/gnu arm embedded toolchain/10 2021.10/bin/../lib/gcc/arm-none-eabi/10.3.1/../../../../arm-none-eabi/lib/thumb/v7e-m+fp/hard\libc_nano.a(lib_a-mprec.o)
                0x08005b08                __lo0bits
 *fill*         0x08005b66        0x2 
 .text.__i2b    0x08005b68       0x2c c:/program files (x86)/gnu arm embedded toolchain/10 2021.10/bin/../lib/gcc/arm-none-eabi/10.3.1/../../../../arm-none-eabi/lib/thumb/v7e-m+fp/hard\libc_nano.a(lib_a-mprec.o)
                0x08005b68                __i2b
 .text.__multiply
                0x08005b94      0x154 c:/program files (x86)/gnu arm embedded toolchain/10 2021.10/bin/../lib/gcc/arm-none-eabi/10.3.1/../../../../arm-none-eabi/lib/thumb/v7e-m+fp/hard\libc_nano.a(lib_a-mprec.o)
                0x08005b94                __multiply
 .text.__pow5mult
                0x08005ce8       0xb4 c:/program files (x86)/gnu arm embedded toolchain/10 2021.10/bin/../lib/gcc/arm-none-eabi/10.3.1/../../../../arm-none-eabi/lib/thumb/v7e-m+fp/hard\libc_nano.a(lib_a-mprec.o)
                0x08005ce8                __pow5mult
 .text.__lshift
                0x08005d9c       0xe0 c:/program files (x86)/gnu arm embedded toolchain/10 2021.10/bin/../lib/gcc/arm-none-eabi/10.3.1/../../../../arm-none-eabi/lib/thumb/v7e-m+fp/hard\libc_nano.a(lib_a-mprec.o)
                0x08005d9c                __lshift
 .text.__mcmp   0x08005e7c       0x38 c:/program files (x86)/gnu arm embedded toolchain/10 2021.10/bin/../lib/gcc/arm-none-eabi/10.3.1/../../../../arm-none-eabi/lib/thumb/v7e-m+fp/hard\libc_nano.a(lib_a-mprec.o)
                0x08005e7c                __mcmp
 .text.__mdiff  0x08005eb4      0x114 c:/program files (x86)/gnu arm embedded toolchain/10 2021.10/bin/../lib/gcc/arm-none-eabi/10.3.1/../../../../arm-none-eabi/lib/thumb/v7e-m+fp/hard\libc_nano.a(lib_a-mprec.o)
                0x08005eb4                __mdiff
 .text.__d2b    0x08005fc8       0xb8 c:/program files (x86)/gnu arm embedded toolchain/10 2021.10/bin/../lib/gcc/arm-none-eabi/10.3.1/../../../../arm-none-eabi/lib/thumb/v7e-m+fp/hard\libc_nano.a(lib_a-mprec.o)
                0x08005fc8                __d2b
 .text._calloc_r
                0x08006080       0x2c c:/program files (x86)/gnu arm embedded toolchain/10 2021.10/bin/../lib/gcc/arm-none-eabi/10.3.1/../../../../arm-none-eabi/lib/thumb/v7e-m+fp/hard\libc_nano.a(lib_a-nano-callocr.o)
                0x08006080                _calloc_r
 .text._free_r  0x080060ac       0x98 c:/program files (x86)/gnu arm embedded toolchain/10 2021.10/bin/../lib/gcc/arm-none-eabi/10.3.1/../../../../arm-none-eabi/lib/thumb/v7e-m+fp/hard\libc_nano.a(lib_a-nano-freer.o)
                0x080060ac                _free_r
 .text.sbrk_aligned
                0x08006144       0x40 c:/program files (x86)/gnu arm embedded toolchain/10 2021.10/bin/../lib/gcc/arm-none-eabi/10.3.1/../../../../arm-none-eabi/lib/thumb/v7e-m+fp/hard\libc_nano.a(lib_a-nano-mallocr.o)
 .text._malloc_r
                0x08006184       0xe8 c:/program files (x86)/gnu arm embedded toolchain/10 2021.10/bin/../lib/gcc/arm-none-eabi/10.3.1/../../../../arm-none-eabi/lib/thumb/v7e-m+fp/hard\libc_nano.a(lib_a-nano-mallocr.o)
                0x08006184                _malloc_r
 .text.__ssputs_r
                0x0800626c       0xb6 c:/program files (x86)/gnu arm embedded toolchain/10 2021.10/bin/../lib/gcc/arm-none-eabi/10.3.1/../../../../arm-none-eabi/lib/thumb/v7e-m+fp/hard\libc_nano.a(lib_a-nano-svfprintf.o)
                0x0800626c                __ssputs_r
 *fill*         0x08006322        0x2 
 .text._svfprintf_r
                0x08006324      0x200 c:/program files (x86)/gnu arm embedded toolchain/10 2021.10/bin/../lib/gcc/arm-none-eabi/10.3.1/../../../../arm-none-eabi/lib/thumb/v7e-m+fp/hard\libc_nano.a(lib_a-nano-svfprintf.o)
                0x08006324                _svfiprintf_r
                0x08006324                _svfprintf_r
 .text.__sfputc_r
                0x08006524       0x2e c:/program files (x86)/gnu arm embedded toolchain/10 2021.10/bin/../lib/gcc/arm-none-eabi/10.3.1/../../../../arm-none-eabi/lib/thumb/v7e-m+fp/hard\libc_nano.a(lib_a-nano-vfprintf.o)
 .text.__sfputs_r
                0x08006552       0x24 c:/program files (x86)/gnu arm embedded toolchain/10 2021.10/bin/../lib/gcc/arm-none-eabi/10.3.1/../../../../arm-none-eabi/lib/thumb/v7e-m+fp/hard\libc_nano.a(lib_a-nano-vfprintf.o)
                0x08006552                __sfputs_r
 *fill*         0x08006576        0x2 
 .text._vfprintf_r
                0x08006578      0x260 c:/program files (x86)/gnu arm embedded toolchain/10 2021.10/bin/../lib/gcc/arm-none-eabi/10.3.1/../../../../arm-none-eabi/lib/thumb/v7e-m+fp/hard\libc_nano.a(lib_a-nano-vfprintf.o)
                0x08006578                _vfprintf_r
                0x08006578                _vfiprintf_r
 .text._sbrk_r  0x080067d8       0x20 c:/program files (x86)/gnu arm embedded toolchain/10 2021.10/bin/../lib/gcc/arm-none-eabi/10.3.1/../../../../arm-none-eabi/lib/thumb/v7e-m+fp/hard\libc_nano.a(lib_a-sbrkr.o)
                0x080067d8                _sbrk_r
 .text.__sread  0x080067f8       0x22 c:/program files (x86)/gnu arm embedded toolchain/10 2021.10/bin/../lib/gcc/arm-none-eabi/10.3.1/../../../../arm-none-eabi/lib/thumb/v7e-m+fp/hard\libc_nano.a(lib_a-stdio.o)
                0x080067f8                __sread
 .text.__swrite
                0x0800681a       0x38 c:/program files (x86)/gnu arm embedded toolchain/10 2021.10/bin/../lib/gcc/arm-none-eabi/10.3.1/../../../../arm-none-eabi/lib/thumb/v7e-m+fp/hard\libc_nano.a(lib_a-stdio.o)
                0x0800681a                __swrite
 .text.__sseek  0x08006852       0x24 c:/program files (x86)/gnu arm embedded toolchain/10 2021.10/bin/../lib/gcc/arm-none-eabi/10.3.1/../../../../arm-none-eabi/lib/thumb/v7e-m+fp/hard\libc_nano.a(lib_a-stdio.o)
                0x08006852                __sseek
 .text.__sclose
                0x08006876        0x8 c:/program files (x86)/gnu arm embedded toolchain/10 2021.10/bin/../lib/gcc/arm-none-eabi/10.3.1/../../../../arm-none-eabi/lib/thumb/v7e-m+fp/hard\libc_nano.a(lib_a-stdio.o)
                0x08006876                __sclose
 *fill*         0x0800687e        0x2 
 .text._write_r
                0x08006880       0x24 c:/program files (x86)/gnu arm embedded toolchain/10 2021.10/bin/../lib/gcc/arm-none-eabi/10.3.1/../../../../arm-none-eabi/lib/thumb/v7e-m+fp/hard\libc_nano.a(lib_a-writer.o)
                0x08006880                _write_r
 .text.__assert_func
                0x080068a4       0x3c c:/program files (x86)/gnu arm embedded toolchain/10 2021.10/bin/../lib/gcc/arm-none-eabi/10.3.1/../../../../arm-none-eabi/lib/thumb/v7e-m+fp/hard\libc_nano.a(lib_a-assert.o)
                0x080068a4                __assert_func
 .text._close_r
                0x080068e0       0x20 c:/program files (x86)/gnu arm embedded toolchain/10 2021.10/bin/../lib/gcc/arm-none-eabi/10.3.1/../../../../arm-none-eabi/lib/thumb/v7e-m+fp/hard\libc_nano.a(lib_a-closer.o)
                0x080068e0                _close_r
 .text.fprintf  0x08006900       0x24 c:/program files (x86)/gnu arm embedded toolchain/10 2021.10/bin/../lib/gcc/arm-none-eabi/10.3.1/../../../../arm-none-eabi/lib/thumb/v7e-m+fp/hard\libc_nano.a(lib_a-fprintf.o)
                0x08006900                fiprintf
                0x08006900                fprintf
 .text._fstat_r
                0x08006924       0x24 c:/program files (x86)/gnu arm embedded toolchain/10 2021.10/bin/../lib/gcc/arm-none-eabi/10.3.1/../../../../arm-none-eabi/lib/thumb/v7e-m+fp/hard\libc_nano.a(lib_a-fstatr.o)
                0x08006924                _fstat_r
 .text._isatty_r
                0x08006948       0x20 c:/program files (x86)/gnu arm embedded toolchain/10 2021.10/bin/../lib/gcc/arm-none-eabi/10.3.1/../../../../arm-none-eabi/lib/thumb/v7e-m+fp/hard\libc_nano.a(lib_a-isattyr.o)
                0x08006948                _isatty_r
 .text._lseek_r
                0x08006968       0x24 c:/program files (x86)/gnu arm embedded toolchain/10 2021.10/bin/../lib/gcc/arm-none-eabi/10.3.1/../../../../arm-none-eabi/lib/thumb/v7e-m+fp/hard\libc_nano.a(lib_a-lseekr.o)
                0x08006968                _lseek_r
 .text.__ascii_mbtowc
                0x0800698c       0x24 c:/program files (x86)/gnu arm embedded toolchain/10 2021.10/bin/../lib/gcc/arm-none-eabi/10.3.1/../../../../arm-none-eabi/lib/thumb/v7e-m+fp/hard\libc_nano.a(lib_a-mbtowc_r.o)
                0x0800698c                __ascii_mbtowc
 .text.memmove  0x080069b0       0x34 c:/program files (x86)/gnu arm embedded toolchain/10 2021.10/bin/../lib/gcc/arm-none-eabi/10.3.1/../../../../arm-none-eabi/lib/thumb/v7e-m+fp/hard\libc_nano.a(lib_a-memmove.o)
                0x080069b0                memmove
 .text.__malloc_lock
                0x080069e4        0xc c:/program files (x86)/gnu arm embedded toolchain/10 2021.10/bin/../lib/gcc/arm-none-eabi/10.3.1/../../../../arm-none-eabi/lib/thumb/v7e-m+fp/hard\libc_nano.a(lib_a-mlock.o)
                0x080069e4                __malloc_lock
 .text.__malloc_unlock
                0x080069f0        0xc c:/program files (x86)/gnu arm embedded toolchain/10 2021.10/bin/../lib/gcc/arm-none-eabi/10.3.1/../../../../arm-none-eabi/lib/thumb/v7e-m+fp/hard\libc_nano.a(lib_a-mlock.o)
                0x080069f0                __malloc_unlock
 .text._realloc_r
                0x080069fc       0x5e c:/program files (x86)/gnu arm embedded toolchain/10 2021.10/bin/../lib/gcc/arm-none-eabi/10.3.1/../../../../arm-none-eabi/lib/thumb/v7e-m+fp/hard\libc_nano.a(lib_a-nano-reallocr.o)
                0x080069fc                _realloc_r
 *fill*         0x08006a5a        0x2 
 .text._read_r  0x08006a5c       0x24 c:/program files (x86)/gnu arm embedded toolchain/10 2021.10/bin/../lib/gcc/arm-none-eabi/10.3.1/../../../../arm-none-eabi/lib/thumb/v7e-m+fp/hard\libc_nano.a(lib_a-readr.o)
                0x08006a5c                _read_r
 .text.__ascii_wctomb
                0x08006a80       0x1a c:/program files (x86)/gnu arm embedded toolchain/10 2021.10/bin/../lib/gcc/arm-none-eabi/10.3.1/../../../../arm-none-eabi/lib/thumb/v7e-m+fp/hard\libc_nano.a(lib_a-wctomb_r.o)
                0x08006a80                __ascii_wctomb
 .text.abort    0x08006a9a        0xe c:/program files (x86)/gnu arm embedded toolchain/10 2021.10/bin/../lib/gcc/arm-none-eabi/10.3.1/../../../../arm-none-eabi/lib/thumb/v7e-m+fp/hard\libc_nano.a(lib_a-abort.o)
                0x08006a9a                abort
 .text._malloc_usable_size_r
                0x08006aa8       0x10 c:/program files (x86)/gnu arm embedded toolchain/10 2021.10/bin/../lib/gcc/arm-none-eabi/10.3.1/../../../../arm-none-eabi/lib/thumb/v7e-m+fp/hard\libc_nano.a(lib_a-nano-msizer.o)
                0x08006aa8                _malloc_usable_size_r
 .text._raise_r
                0x08006ab8       0x50 c:/program files (x86)/gnu arm embedded toolchain/10 2021.10/bin/../lib/gcc/arm-none-eabi/10.3.1/../../../../arm-none-eabi/lib/thumb/v7e-m+fp/hard\libc_nano.a(lib_a-signal.o)
                0x08006ab8                _raise_r
 .text.raise    0x08006b08       0x10 c:/program files (x86)/gnu arm embedded toolchain/10 2021.10/bin/../lib/gcc/arm-none-eabi/10.3.1/../../../../arm-none-eabi/lib/thumb/v7e-m+fp/hard\libc_nano.a(lib_a-signal.o)
                0x08006b08                raise
 .text._kill_r  0x08006b18       0x24 c:/program files (x86)/gnu arm embedded toolchain/10 2021.10/bin/../lib/gcc/arm-none-eabi/10.3.1/../../../../arm-none-eabi/lib/thumb/v7e-m+fp/hard\libc_nano.a(lib_a-signalr.o)
                0x08006b18                _kill_r
 .text._getpid_r
                0x08006b3c        0x4 c:/program files (x86)/gnu arm embedded toolchain/10 2021.10/bin/../lib/gcc/arm-none-eabi/10.3.1/../../../../arm-none-eabi/lib/thumb/v7e-m+fp/hard\libc_nano.a(lib_a-signalr.o)
                0x08006b3c                _getpid_r
 .text.asinf    0x08006b40       0x58 c:/program files (x86)/gnu arm embedded toolchain/10 2021.10/bin/../lib/gcc/arm-none-eabi/10.3.1/../../../../arm-none-eabi/lib/thumb/v7e-m+fp/hard\libm.a(lib_a-wf_asin.o)
                0x08006b40                asinf
 .text.sqrtf    0x08006b98       0x44 c:/program files (x86)/gnu arm embedded toolchain/10 2021.10/bin/../lib/gcc/arm-none-eabi/10.3.1/../../../../arm-none-eabi/lib/thumb/v7e-m+fp/hard\libm.a(lib_a-wf_sqrt.o)
                0x08006b98                sqrtf
 .text.__ieee754_asinf
                0x08006bdc      0x20c c:/program files (x86)/gnu arm embedded toolchain/10 2021.10/bin/../lib/gcc/arm-none-eabi/10.3.1/../../../../arm-none-eabi/lib/thumb/v7e-m+fp/hard\libm.a(lib_a-ef_asin.o)
                0x08006bdc                __ieee754_asinf
 .text.__ieee754_sqrtf
                0x08006de8        0x8 c:/program files (x86)/gnu arm embedded toolchain/10 2021.10/bin/../lib/gcc/arm-none-eabi/10.3.1/../../../../arm-none-eabi/lib/thumb/v7e-m+fp/hard\libm.a(lib_a-ef_sqrt.o)
                0x08006de8                __ieee754_sqrtf
 .text.fabsf    0x08006df0       0x10 c:/program files (x86)/gnu arm embedded toolchain/10 2021.10/bin/../lib/gcc/arm-none-eabi/10.3.1/../../../../arm-none-eabi/lib/thumb/v7e-m+fp/hard\libm.a(lib_a-sf_fabs.o)
                0x08006df0                fabsf
 .text.nanf     0x08006e00        0xc c:/program files (x86)/gnu arm embedded toolchain/10 2021.10/bin/../lib/gcc/arm-none-eabi/10.3.1/../../../../arm-none-eabi/lib/thumb/v7e-m+fp/hard\libm.a(lib_a-sf_nan.o)
                0x08006e00                nanf
 *(.glue_7)
 .glue_7        0x08006e0c        0x0 linker stubs
 *(.glue_7t)
 .glue_7t       0x08006e0c        0x0 linker stubs
 *(.eh_frame)
 .eh_frame      0x08006e0c        0x0 c:/program files (x86)/gnu arm embedded toolchain/10 2021.10/bin/../lib/gcc/arm-none-eabi/10.3.1/thumb/v7e-m+fp/hard/crtbegin.o
 *(.init)
 .init          0x08006e0c        0x4 c:/program files (x86)/gnu arm embedded toolchain/10 2021.10/bin/../lib/gcc/arm-none-eabi/10.3.1/thumb/v7e-m+fp/hard/crti.o
                0x08006e0c                _init
 .init          0x08006e10        0x8 c:/program files (x86)/gnu arm embedded toolchain/10 2021.10/bin/../lib/gcc/arm-none-eabi/10.3.1/thumb/v7e-m+fp/hard/crtn.o
 *(.fini)
 .fini          0x08006e18        0x4 c:/program files (x86)/gnu arm embedded toolchain/10 2021.10/bin/../lib/gcc/arm-none-eabi/10.3.1/thumb/v7e-m+fp/hard/crti.o
                0x08006e18                _fini
 .fini          0x08006e1c        0x8 c:/program files (x86)/gnu arm embedded toolchain/10 2021.10/bin/../lib/gcc/arm-none-eabi/10.3.1/thumb/v7e-m+fp/hard/crtn.o
                0x08006e24                . = ALIGN (0x4)
                0x08006e24                _etext = .

.vfp11_veneer   0x08006e24        0x0
 .vfp11_veneer  0x08006e24        0x0 linker stubs

.v4_bx          0x08006e24        0x0
 .v4_bx         0x08006e24        0x0 linker stubs

.iplt           0x08006e24        0x0
 .iplt          0x08006e24        0x0 c:/program files (x86)/gnu arm embedded toolchain/10 2021.10/bin/../lib/gcc/arm-none-eabi/10.3.1/thumb/v7e-m+fp/hard/crtbegin.o

.rodata         0x08006e28      0xd2c
                0x08006e28                . = ALIGN (0x4)
 *(.rodata)
 *(.rodata*)
 .rodata.main.str1.4
                0x08006e28       0x39 build/main.o
 *fill*         0x08006e61        0x3 
 .rodata.atan2_coefs_f32
                0x08006e64       0x28 build/arm_atan2_f32.o
 .rodata.sinTable_f32
                0x08006e8c      0x804 build/arm_common_tables.o
                0x08006e8c                sinTable_f32
 .rodata.AHBPrescTable
                0x08007690       0x10 build/system_stm32f4xx.o
                0x08007690                AHBPrescTable
 .rodata.APBPrescTable
                0x080076a0        0x8 build/system_stm32f4xx.o
                0x080076a0                APBPrescTable
 .rodata.mpu6050_init.str1.4
                0x080076a8       0x8b build/mpu6050_driver.o
 *fill*         0x08007733        0x1 
 .rodata._global_impure_ptr
                0x08007734        0x4 c:/program files (x86)/gnu arm embedded toolchain/10 2021.10/bin/../lib/gcc/arm-none-eabi/10.3.1/../../../../arm-none-eabi/lib/thumb/v7e-m+fp/hard\libc_nano.a(lib_a-impure.o)
                0x08007734                _global_impure_ptr
 .rodata._printf_float.str1.1
                0x08007738       0x12 c:/program files (x86)/gnu arm embedded toolchain/10 2021.10/bin/../lib/gcc/arm-none-eabi/10.3.1/../../../../arm-none-eabi/lib/thumb/v7e-m+fp/hard\libc_nano.a(lib_a-nano-vfprintf_float.o)
 .rodata._printf_i.str1.1
                0x0800774a       0x22 c:/program files (x86)/gnu arm embedded toolchain/10 2021.10/bin/../lib/gcc/arm-none-eabi/10.3.1/../../../../arm-none-eabi/lib/thumb/v7e-m+fp/hard\libc_nano.a(lib_a-nano-vfprintf_i.o)
 .rodata._dtoa_r.str1.1
                0x0800776c       0xb3 c:/program files (x86)/gnu arm embedded toolchain/10 2021.10/bin/../lib/gcc/arm-none-eabi/10.3.1/../../../../arm-none-eabi/lib/thumb/v7e-m+fp/hard\libc_nano.a(lib_a-dtoa.o)
                                 0xb5 (size before relaxing)
 *fill*         0x0800781f        0x1 
 .rodata.__sf_fake_stderr
                0x08007820       0x20 c:/program files (x86)/gnu arm embedded toolchain/10 2021.10/bin/../lib/gcc/arm-none-eabi/10.3.1/../../../../arm-none-eabi/lib/thumb/v7e-m+fp/hard\libc_nano.a(lib_a-findfp.o)
                0x08007820                __sf_fake_stderr
 .rodata.__sf_fake_stdin
                0x08007840       0x20 c:/program files (x86)/gnu arm embedded toolchain/10 2021.10/bin/../lib/gcc/arm-none-eabi/10.3.1/../../../../arm-none-eabi/lib/thumb/v7e-m+fp/hard\libc_nano.a(lib_a-findfp.o)
                0x08007840                __sf_fake_stdin
 .rodata.__sf_fake_stdout
                0x08007860       0x20 c:/program files (x86)/gnu arm embedded toolchain/10 2021.10/bin/../lib/gcc/arm-none-eabi/10.3.1/../../../../arm-none-eabi/lib/thumb/v7e-m+fp/hard\libc_nano.a(lib_a-findfp.o)
                0x08007860                __sf_fake_stdout
 .rodata._Balloc.str1.1
                0x08007880       0x7f c:/program files (x86)/gnu arm embedded toolchain/10 2021.10/bin/../lib/gcc/arm-none-eabi/10.3.1/../../../../arm-none-eabi/lib/thumb/v7e-m+fp/hard\libc_nano.a(lib_a-mprec.o)
                                 0x96 (size before relaxing)
 .rodata.__multadd.str1.1
                0x080078ff       0x11 c:/program files (x86)/gnu arm embedded toolchain/10 2021.10/bin/../lib/gcc/arm-none-eabi/10.3.1/../../../../arm-none-eabi/lib/thumb/v7e-m+fp/hard\libc_nano.a(lib_a-mprec.o)
 *fill*         0x080078ff        0x1 
 .rodata.__mprec_bigtens
                0x08007900       0x28 c:/program files (x86)/gnu arm embedded toolchain/10 2021.10/bin/../lib/gcc/arm-none-eabi/10.3.1/../../../../arm-none-eabi/lib/thumb/v7e-m+fp/hard\libc_nano.a(lib_a-mprec.o)
                0x08007900                __mprec_bigtens
 .rodata.__mprec_tens
                0x08007928       0xc8 c:/program files (x86)/gnu arm embedded toolchain/10 2021.10/bin/../lib/gcc/arm-none-eabi/10.3.1/../../../../arm-none-eabi/lib/thumb/v7e-m+fp/hard\libc_nano.a(lib_a-mprec.o)
                0x08007928                __mprec_tens
 .rodata.p05.0  0x080079f0        0xc c:/program files (x86)/gnu arm embedded toolchain/10 2021.10/bin/../lib/gcc/arm-none-eabi/10.3.1/../../../../arm-none-eabi/lib/thumb/v7e-m+fp/hard\libc_nano.a(lib_a-mprec.o)
 .rodata._svfprintf_r.str1.1
                0x080079fc       0x11 c:/program files (x86)/gnu arm embedded toolchain/10 2021.10/bin/../lib/gcc/arm-none-eabi/10.3.1/../../../../arm-none-eabi/lib/thumb/v7e-m+fp/hard\libc_nano.a(lib_a-nano-svfprintf.o)
 .rodata._vfprintf_r.str1.1
                0x08007a0d       0x11 c:/program files (x86)/gnu arm embedded toolchain/10 2021.10/bin/../lib/gcc/arm-none-eabi/10.3.1/../../../../arm-none-eabi/lib/thumb/v7e-m+fp/hard\libc_nano.a(lib_a-nano-vfprintf.o)
 .rodata.__assert_func.str1.1
                0x08007a0d       0x3c c:/program files (x86)/gnu arm embedded toolchain/10 2021.10/bin/../lib/gcc/arm-none-eabi/10.3.1/../../../../arm-none-eabi/lib/thumb/v7e-m+fp/hard\libc_nano.a(lib_a-assert.o)
                                 0x3d (size before relaxing)
 .rodata._setlocale_r.str1.1
                0x08007a49        0x8 c:/program files (x86)/gnu arm embedded toolchain/10 2021.10/bin/../lib/gcc/arm-none-eabi/10.3.1/../../../../arm-none-eabi/lib/thumb/v7e-m+fp/hard\libc_nano.a(lib_a-locale.o)
                                  0x9 (size before relaxing)
 .rodata.str1.1
                0x08007a51        0x2 c:/program files (x86)/gnu arm embedded toolchain/10 2021.10/bin/../lib/gcc/arm-none-eabi/10.3.1/../../../../arm-none-eabi/lib/thumb/v7e-m+fp/hard\libc_nano.a(lib_a-locale.o)
 .rodata._ctype_
                0x08007a53      0x101 c:/program files (x86)/gnu arm embedded toolchain/10 2021.10/bin/../lib/gcc/arm-none-eabi/10.3.1/../../../../arm-none-eabi/lib/thumb/v7e-m+fp/hard\libc_nano.a(lib_a-ctype_.o)
                0x08007a53                _ctype_
 .rodata.asinf.str1.4
                0x08007b54       0x8b c:/program files (x86)/gnu arm embedded toolchain/10 2021.10/bin/../lib/gcc/arm-none-eabi/10.3.1/../../../../arm-none-eabi/lib/thumb/v7e-m+fp/hard\libm.a(lib_a-wf_asin.o)
                                  0x1 (size before relaxing)
                0x08007be0                . = ALIGN (0x4)

.ARM.extab
 *(.ARM.extab* .gnu.linkonce.armextab.*)

.ARM            0x08007b54        0x8
                0x08007b54                __exidx_start = .
 *(.ARM.exidx*)
 .ARM.exidx     0x08007b54        0x8 c:/program files (x86)/gnu arm embedded toolchain/10 2021.10/bin/../lib/gcc/arm-none-eabi/10.3.1/thumb/v7e-m+fp/hard\libgcc.a(_udivmoddi4.o)
                0x08007b5c                __exidx_end = .

.rel.dyn        0x08007b5c        0x0
 .rel.iplt      0x08007b5c        0x0 c:/program files (x86)/gnu arm embedded toolchain/10 2021.10/bin/../lib/gcc/arm-none-eabi/10.3.1/thumb/v7e-m+fp/hard/crtbegin.o

.preinit_array  0x08007b5c        0x0
                0x08007b5c                PROVIDE (__preinit_array_start = .)
 *(.preinit_array*)
                0x08007b5c                PROVIDE (__preinit_array_end = .)

.init_array     0x08007b5c        0x4
                0x08007b5c                PROVIDE (__init_array_start = .)
 *(SORT_BY_NAME(.init_array.*))
 *(.init_array*)
 .init_array    0x08007b5c        0x4 c:/program files (x86)/gnu arm embedded toolchain/10 2021.10/bin/../lib/gcc/arm-none-eabi/10.3.1/thumb/v7e-m+fp/hard/crtbegin.o
                0x08007b60                PROVIDE (__init_array_end = .)

.fini_array     0x08007b60        0x4
                [!provide]                PROVIDE (__fini_array_start = .)
 *(SORT_BY_NAME(.fini_array.*))
 *(.fini_array*)
 .fini_array    0x08007b60        0x4 c:/program files (x86)/gnu arm embedded toolchain/10 2021.10/bin/../lib/gcc/arm-none-eabi/10.3.1/thumb/v7e-m+fp/hard/crtbegin.o
                [!provide]                PROVIDE (__fini_array_end = .)
                0x08007b64                _sidata = LOADADDR (.data)

.data           0x20000000      0x1dc load address 0x08007b64
                0x20000000                . = ALIGN (0x4)
                0x20000000                _sdata = .
 *(.data)
 *(.data*)
 .data.uwTickFreq
                0x20000000        0x1 build/stm32f4xx_hal.o
                0x20000000                uwTickFreq
 *fill*         0x20000001        0x3 
 .data.uwTickPrio
                0x20000004        0x4 build/stm32f4xx_hal.o
                0x20000004                uwTickPrio
 .data.SystemCoreClock
                0x20000008        0x4 build/system_stm32f4xx.o
                0x20000008                SystemCoreClock
 .data._impure_ptr
                0x2000000c        0x4 c:/program files (x86)/gnu arm embedded toolchain/10 2021.10/bin/../lib/gcc/arm-none-eabi/10.3.1/../../../../arm-none-eabi/lib/thumb/v7e-m+fp/hard\libc_nano.a(lib_a-impure.o)
                0x2000000c                _impure_ptr
 .data.impure_data
                0x20000010       0x60 c:/program files (x86)/gnu arm embedded toolchain/10 2021.10/bin/../lib/gcc/arm-none-eabi/10.3.1/../../../../arm-none-eabi/lib/thumb/v7e-m+fp/hard\libc_nano.a(lib_a-impure.o)
 .data.__global_locale
                0x20000070      0x16c c:/program files (x86)/gnu arm embedded toolchain/10 2021.10/bin/../lib/gcc/arm-none-eabi/10.3.1/../../../../arm-none-eabi/lib/thumb/v7e-m+fp/hard\libc_nano.a(lib_a-locale.o)
                0x20000070                __global_locale
                0x200001dc                . = ALIGN (0x4)
                0x200001dc                _edata = .

.igot.plt       0x200001dc        0x0 load address 0x08007d40
 .igot.plt      0x200001dc        0x0 c:/program files (x86)/gnu arm embedded toolchain/10 2021.10/bin/../lib/gcc/arm-none-eabi/10.3.1/thumb/v7e-m+fp/hard/crtbegin.o
                0x200001dc                . = ALIGN (0x4)

.bss            0x200001dc      0x108 load address 0x08007d40
                0x200001dc                _sbss = .
                0x200001dc                __bss_start__ = _sbss
 *(.bss)
 .bss           0x200001dc       0x1c c:/program files (x86)/gnu arm embedded toolchain/10 2021.10/bin/../lib/gcc/arm-none-eabi/10.3.1/thumb/v7e-m+fp/hard/crtbegin.o
 *(.bss*)
 .bss.Euler_xyz
                0x200001f8        0xc build/main.o
                0x200001f8                Euler_xyz
 .bss.attitude_q
                0x20000204       0x10 build/main.o
                0x20000204                attitude_q
 .bss.hi2c1     0x20000214       0x54 build/main.o
                0x20000214                hi2c1
 .bss.huart2    0x20000268       0x48 build/main.o
                0x20000268                huart2
 .bss.timermpuCount
                0x200002b0        0x4 build/main.o
                0x200002b0                timermpuCount
 .bss.uwTick    0x200002b4        0x4 build/stm32f4xx_hal.o
                0x200002b4                uwTick
 .bss.__sbrk_heap_end
                0x200002b8        0x4 build/sysmem.o
 .bss.accel_data
                0x200002bc        0xc build/mpu6050_driver.o
                0x200002bc                accel_data
 .bss.gyro_data
                0x200002c8        0xc build/mpu6050_driver.o
                0x200002c8                gyro_data
 .bss.__lock___malloc_recursive_mutex
                0x200002d4        0x1 c:/program files (x86)/gnu arm embedded toolchain/10 2021.10/bin/../lib/gcc/arm-none-eabi/10.3.1/../../../../arm-none-eabi/lib/thumb/v7e-m+fp/hard\libc_nano.a(lib_a-lock.o)
                0x200002d4                __lock___malloc_recursive_mutex
 .bss.__lock___sfp_recursive_mutex
                0x200002d5        0x1 c:/program files (x86)/gnu arm embedded toolchain/10 2021.10/bin/../lib/gcc/arm-none-eabi/10.3.1/../../../../arm-none-eabi/lib/thumb/v7e-m+fp/hard\libc_nano.a(lib_a-lock.o)
                0x200002d5                __lock___sfp_recursive_mutex
 .bss.__lock___sinit_recursive_mutex
                0x200002d6        0x1 c:/program files (x86)/gnu arm embedded toolchain/10 2021.10/bin/../lib/gcc/arm-none-eabi/10.3.1/../../../../arm-none-eabi/lib/thumb/v7e-m+fp/hard\libc_nano.a(lib_a-lock.o)
                0x200002d6                __lock___sinit_recursive_mutex
 *fill*         0x200002d7        0x1 
 .bss.__malloc_free_list
                0x200002d8        0x4 c:/program files (x86)/gnu arm embedded toolchain/10 2021.10/bin/../lib/gcc/arm-none-eabi/10.3.1/../../../../arm-none-eabi/lib/thumb/v7e-m+fp/hard\libc_nano.a(lib_a-nano-mallocr.o)
                0x200002d8                __malloc_free_list
 .bss.__malloc_sbrk_start
                0x200002dc        0x4 c:/program files (x86)/gnu arm embedded toolchain/10 2021.10/bin/../lib/gcc/arm-none-eabi/10.3.1/../../../../arm-none-eabi/lib/thumb/v7e-m+fp/hard\libc_nano.a(lib_a-nano-mallocr.o)
                0x200002dc                __malloc_sbrk_start
 .bss.errno     0x200002e0        0x4 c:/program files (x86)/gnu arm embedded toolchain/10 2021.10/bin/../lib/gcc/arm-none-eabi/10.3.1/../../../../arm-none-eabi/lib/thumb/v7e-m+fp/hard\libc_nano.a(lib_a-reent.o)
                0x200002e0                errno
 *(COMMON)
                0x200002e4                . = ALIGN (0x4)
                0x200002e4                _ebss = .
                0x200002e4                __bss_end__ = _ebss

._user_heap_stack
                0x200002e4      0x604 load address 0x08007d40
                0x200002e8                . = ALIGN (0x8)
 *fill*         0x200002e4        0x4 
                [!provide]                PROVIDE (end = .)
                0x200002e8                PROVIDE (_end = .)
                0x200004e8                . = (. + _Min_Heap_Size)
 *fill*         0x200002e8      0x200 
                0x200008e8                . = (. + _Min_Stack_Size)
 *fill*         0x200004e8      0x400 
                0x200008e8                . = ALIGN (0x8)

/DISCARD/
 libc.a(*)
 libm.a(*)
 libgcc.a(*)
OUTPUT(build/quaternion_dsp.elf elf32-littlearm)
LOAD linker stubs
LOAD c:/program files (x86)/gnu arm embedded toolchain/10 2021.10/bin/../lib/gcc/arm-none-eabi/10.3.1/../../../../arm-none-eabi/lib/thumb/v7e-m+fp/hard\libc.a
LOAD c:/program files (x86)/gnu arm embedded toolchain/10 2021.10/bin/../lib/gcc/arm-none-eabi/10.3.1/../../../../arm-none-eabi/lib/thumb/v7e-m+fp/hard\libm.a
LOAD c:/program files (x86)/gnu arm embedded toolchain/10 2021.10/bin/../lib/gcc/arm-none-eabi/10.3.1/thumb/v7e-m+fp/hard\libgcc.a

.ARM.attributes
                0x00000000       0x30
 .ARM.attributes
                0x00000000       0x1e c:/program files (x86)/gnu arm embedded toolchain/10 2021.10/bin/../lib/gcc/arm-none-eabi/10.3.1/thumb/v7e-m+fp/hard/crti.o
 .ARM.attributes
                0x0000001e       0x34 c:/program files (x86)/gnu arm embedded toolchain/10 2021.10/bin/../lib/gcc/arm-none-eabi/10.3.1/thumb/v7e-m+fp/hard/crtbegin.o
 .ARM.attributes
                0x00000052       0x34 build/main.o
 .ARM.attributes
                0x00000086       0x34 build/stm32f4xx_it.o
 .ARM.attributes
                0x000000ba       0x34 build/stm32f4xx_hal_msp.o
 .ARM.attributes
                0x000000ee       0x34 build/stm32f4xx_hal_i2c.o
 .ARM.attributes
                0x00000122       0x34 build/stm32f4xx_hal_rcc.o
 .ARM.attributes
                0x00000156       0x34 build/stm32f4xx_hal_gpio.o
 .ARM.attributes
                0x0000018a       0x34 build/stm32f4xx_hal_cortex.o
 .ARM.attributes
                0x000001be       0x34 build/stm32f4xx_hal.o
 .ARM.attributes
                0x000001f2       0x34 build/stm32f4xx_hal_uart.o
 .ARM.attributes
                0x00000226       0x34 build/arm_cos_f32.o
 .ARM.attributes
                0x0000025a       0x34 build/arm_atan2_f32.o
 .ARM.attributes
                0x0000028e       0x34 build/arm_sin_f32.o
 .ARM.attributes
                0x000002c2       0x34 build/arm_quaternion_product_f32.o
 .ARM.attributes
                0x000002f6       0x34 build/arm_quaternion_normalize_f32.o
 .ARM.attributes
                0x0000032a       0x34 build/arm_quaternion_product_single_f32.o
 .ARM.attributes
                0x0000035e       0x34 build/arm_common_tables.o
 .ARM.attributes
                0x00000392       0x34 build/system_stm32f4xx.o
 .ARM.attributes
                0x000003c6       0x34 build/sysmem.o
 .ARM.attributes
                0x000003fa       0x34 build/syscalls.o
 .ARM.attributes
                0x0000042e       0x34 build/mpu6050_driver.o
 .ARM.attributes
                0x00000462       0x34 build/quaternion.o
 .ARM.attributes
                0x00000496       0x21 build/startup_stm32f411xe.o
 .ARM.attributes
                0x000004b7       0x34 c:/program files (x86)/gnu arm embedded toolchain/10 2021.10/bin/../lib/gcc/arm-none-eabi/10.3.1/../../../../arm-none-eabi/lib/thumb/v7e-m+fp/hard\libc_nano.a(lib_a-errno.o)
 .ARM.attributes
                0x000004eb       0x34 c:/program files (x86)/gnu arm embedded toolchain/10 2021.10/bin/../lib/gcc/arm-none-eabi/10.3.1/../../../../arm-none-eabi/lib/thumb/v7e-m+fp/hard\libc_nano.a(lib_a-impure.o)
 .ARM.attributes
                0x0000051f       0x34 c:/program files (x86)/gnu arm embedded toolchain/10 2021.10/bin/../lib/gcc/arm-none-eabi/10.3.1/../../../../arm-none-eabi/lib/thumb/v7e-m+fp/hard\libc_nano.a(lib_a-init.o)
 .ARM.attributes
                0x00000553       0x34 c:/program files (x86)/gnu arm embedded toolchain/10 2021.10/bin/../lib/gcc/arm-none-eabi/10.3.1/../../../../arm-none-eabi/lib/thumb/v7e-m+fp/hard\libc_nano.a(lib_a-memset.o)
 .ARM.attributes
                0x00000587       0x34 c:/program files (x86)/gnu arm embedded toolchain/10 2021.10/bin/../lib/gcc/arm-none-eabi/10.3.1/../../../../arm-none-eabi/lib/thumb/v7e-m+fp/hard\libc_nano.a(lib_a-nano-vfprintf_float.o)
 .ARM.attributes
                0x000005bb       0x34 c:/program files (x86)/gnu arm embedded toolchain/10 2021.10/bin/../lib/gcc/arm-none-eabi/10.3.1/../../../../arm-none-eabi/lib/thumb/v7e-m+fp/hard\libc_nano.a(lib_a-nano-vfprintf_i.o)
 .ARM.attributes
                0x000005ef       0x34 c:/program files (x86)/gnu arm embedded toolchain/10 2021.10/bin/../lib/gcc/arm-none-eabi/10.3.1/../../../../arm-none-eabi/lib/thumb/v7e-m+fp/hard\libc_nano.a(lib_a-printf.o)
 .ARM.attributes
                0x00000623       0x34 c:/program files (x86)/gnu arm embedded toolchain/10 2021.10/bin/../lib/gcc/arm-none-eabi/10.3.1/../../../../arm-none-eabi/lib/thumb/v7e-m+fp/hard\libc_nano.a(lib_a-puts.o)
 .ARM.attributes
                0x00000657       0x34 c:/program files (x86)/gnu arm embedded toolchain/10 2021.10/bin/../lib/gcc/arm-none-eabi/10.3.1/../../../../arm-none-eabi/lib/thumb/v7e-m+fp/hard\libc_nano.a(lib_a-snprintf.o)
 .ARM.attributes
                0x0000068b       0x17 c:/program files (x86)/gnu arm embedded toolchain/10 2021.10/bin/../lib/gcc/arm-none-eabi/10.3.1/../../../../arm-none-eabi/lib/thumb/v7e-m+fp/hard\libc_nano.a(lib_a-strlen.o)
 .ARM.attributes
                0x000006a2       0x34 c:/program files (x86)/gnu arm embedded toolchain/10 2021.10/bin/../lib/gcc/arm-none-eabi/10.3.1/../../../../arm-none-eabi/lib/thumb/v7e-m+fp/hard\libc_nano.a(lib_a-wbuf.o)
 .ARM.attributes
                0x000006d6       0x34 c:/program files (x86)/gnu arm embedded toolchain/10 2021.10/bin/../lib/gcc/arm-none-eabi/10.3.1/../../../../arm-none-eabi/lib/thumb/v7e-m+fp/hard\libc_nano.a(lib_a-wsetup.o)
 .ARM.attributes
                0x0000070a       0x34 c:/program files (x86)/gnu arm embedded toolchain/10 2021.10/bin/../lib/gcc/arm-none-eabi/10.3.1/../../../../arm-none-eabi/lib/thumb/v7e-m+fp/hard\libc_nano.a(lib_a-dtoa.o)
 .ARM.attributes
                0x0000073e       0x34 c:/program files (x86)/gnu arm embedded toolchain/10 2021.10/bin/../lib/gcc/arm-none-eabi/10.3.1/../../../../arm-none-eabi/lib/thumb/v7e-m+fp/hard\libc_nano.a(lib_a-fflush.o)
 .ARM.attributes
                0x00000772       0x34 c:/program files (x86)/gnu arm embedded toolchain/10 2021.10/bin/../lib/gcc/arm-none-eabi/10.3.1/../../../../arm-none-eabi/lib/thumb/v7e-m+fp/hard\libc_nano.a(lib_a-findfp.o)
 .ARM.attributes
                0x000007a6       0x34 c:/program files (x86)/gnu arm embedded toolchain/10 2021.10/bin/../lib/gcc/arm-none-eabi/10.3.1/../../../../arm-none-eabi/lib/thumb/v7e-m+fp/hard\libc_nano.a(lib_a-fwalk.o)
 .ARM.attributes
                0x000007da       0x34 c:/program files (x86)/gnu arm embedded toolchain/10 2021.10/bin/../lib/gcc/arm-none-eabi/10.3.1/../../../../arm-none-eabi/lib/thumb/v7e-m+fp/hard\libc_nano.a(lib_a-localeconv.o)
 .ARM.attributes
                0x0000080e       0x34 c:/program files (x86)/gnu arm embedded toolchain/10 2021.10/bin/../lib/gcc/arm-none-eabi/10.3.1/../../../../arm-none-eabi/lib/thumb/v7e-m+fp/hard\libc_nano.a(lib_a-lock.o)
 .ARM.attributes
                0x00000842       0x34 c:/program files (x86)/gnu arm embedded toolchain/10 2021.10/bin/../lib/gcc/arm-none-eabi/10.3.1/../../../../arm-none-eabi/lib/thumb/v7e-m+fp/hard\libc_nano.a(lib_a-makebuf.o)
 .ARM.attributes
                0x00000876       0x34 c:/program files (x86)/gnu arm embedded toolchain/10 2021.10/bin/../lib/gcc/arm-none-eabi/10.3.1/../../../../arm-none-eabi/lib/thumb/v7e-m+fp/hard\libc_nano.a(lib_a-malloc.o)
 .ARM.attributes
                0x000008aa       0x1c c:/program files (x86)/gnu arm embedded toolchain/10 2021.10/bin/../lib/gcc/arm-none-eabi/10.3.1/../../../../arm-none-eabi/lib/thumb/v7e-m+fp/hard\libc_nano.a(lib_a-memchr.o)
 .ARM.attributes
                0x000008c6       0x34 c:/program files (x86)/gnu arm embedded toolchain/10 2021.10/bin/../lib/gcc/arm-none-eabi/10.3.1/../../../../arm-none-eabi/lib/thumb/v7e-m+fp/hard\libc_nano.a(lib_a-memcpy-stub.o)
 .ARM.attributes
                0x000008fa       0x34 c:/program files (x86)/gnu arm embedded toolchain/10 2021.10/bin/../lib/gcc/arm-none-eabi/10.3.1/../../../../arm-none-eabi/lib/thumb/v7e-m+fp/hard\libc_nano.a(lib_a-mprec.o)
 .ARM.attributes
                0x0000092e       0x34 c:/program files (x86)/gnu arm embedded toolchain/10 2021.10/bin/../lib/gcc/arm-none-eabi/10.3.1/../../../../arm-none-eabi/lib/thumb/v7e-m+fp/hard\libc_nano.a(lib_a-nano-callocr.o)
 .ARM.attributes
                0x00000962       0x34 c:/program files (x86)/gnu arm embedded toolchain/10 2021.10/bin/../lib/gcc/arm-none-eabi/10.3.1/../../../../arm-none-eabi/lib/thumb/v7e-m+fp/hard\libc_nano.a(lib_a-nano-freer.o)
 .ARM.attributes
                0x00000996       0x34 c:/program files (x86)/gnu arm embedded toolchain/10 2021.10/bin/../lib/gcc/arm-none-eabi/10.3.1/../../../../arm-none-eabi/lib/thumb/v7e-m+fp/hard\libc_nano.a(lib_a-nano-mallocr.o)
 .ARM.attributes
                0x000009ca       0x34 c:/program files (x86)/gnu arm embedded toolchain/10 2021.10/bin/../lib/gcc/arm-none-eabi/10.3.1/../../../../arm-none-eabi/lib/thumb/v7e-m+fp/hard\libc_nano.a(lib_a-nano-svfprintf.o)
 .ARM.attributes
                0x000009fe       0x34 c:/program files (x86)/gnu arm embedded toolchain/10 2021.10/bin/../lib/gcc/arm-none-eabi/10.3.1/../../../../arm-none-eabi/lib/thumb/v7e-m+fp/hard\libc_nano.a(lib_a-nano-vfprintf.o)
 .ARM.attributes
                0x00000a32       0x34 c:/program files (x86)/gnu arm embedded toolchain/10 2021.10/bin/../lib/gcc/arm-none-eabi/10.3.1/../../../../arm-none-eabi/lib/thumb/v7e-m+fp/hard\libc_nano.a(lib_a-sbrkr.o)
 .ARM.attributes
                0x00000a66       0x34 c:/program files (x86)/gnu arm embedded toolchain/10 2021.10/bin/../lib/gcc/arm-none-eabi/10.3.1/../../../../arm-none-eabi/lib/thumb/v7e-m+fp/hard\libc_nano.a(lib_a-stdio.o)
 .ARM.attributes
                0x00000a9a       0x34 c:/program files (x86)/gnu arm embedded toolchain/10 2021.10/bin/../lib/gcc/arm-none-eabi/10.3.1/../../../../arm-none-eabi/lib/thumb/v7e-m+fp/hard\libc_nano.a(lib_a-writer.o)
 .ARM.attributes
                0x00000ace       0x34 c:/program files (x86)/gnu arm embedded toolchain/10 2021.10/bin/../lib/gcc/arm-none-eabi/10.3.1/../../../../arm-none-eabi/lib/thumb/v7e-m+fp/hard\libc_nano.a(lib_a-assert.o)
 .ARM.attributes
                0x00000b02       0x34 c:/program files (x86)/gnu arm embedded toolchain/10 2021.10/bin/../lib/gcc/arm-none-eabi/10.3.1/../../../../arm-none-eabi/lib/thumb/v7e-m+fp/hard\libc_nano.a(lib_a-closer.o)
 .ARM.attributes
                0x00000b36       0x34 c:/program files (x86)/gnu arm embedded toolchain/10 2021.10/bin/../lib/gcc/arm-none-eabi/10.3.1/../../../../arm-none-eabi/lib/thumb/v7e-m+fp/hard\libc_nano.a(lib_a-fprintf.o)
 .ARM.attributes
                0x00000b6a       0x34 c:/program files (x86)/gnu arm embedded toolchain/10 2021.10/bin/../lib/gcc/arm-none-eabi/10.3.1/../../../../arm-none-eabi/lib/thumb/v7e-m+fp/hard\libc_nano.a(lib_a-fstatr.o)
 .ARM.attributes
                0x00000b9e       0x34 c:/program files (x86)/gnu arm embedded toolchain/10 2021.10/bin/../lib/gcc/arm-none-eabi/10.3.1/../../../../arm-none-eabi/lib/thumb/v7e-m+fp/hard\libc_nano.a(lib_a-isattyr.o)
 .ARM.attributes
                0x00000bd2       0x34 c:/program files (x86)/gnu arm embedded toolchain/10 2021.10/bin/../lib/gcc/arm-none-eabi/10.3.1/../../../../arm-none-eabi/lib/thumb/v7e-m+fp/hard\libc_nano.a(lib_a-locale.o)
 .ARM.attributes
                0x00000c06       0x34 c:/program files (x86)/gnu arm embedded toolchain/10 2021.10/bin/../lib/gcc/arm-none-eabi/10.3.1/../../../../arm-none-eabi/lib/thumb/v7e-m+fp/hard\libc_nano.a(lib_a-lseekr.o)
 .ARM.attributes
                0x00000c3a       0x34 c:/program files (x86)/gnu arm embedded toolchain/10 2021.10/bin/../lib/gcc/arm-none-eabi/10.3.1/../../../../arm-none-eabi/lib/thumb/v7e-m+fp/hard\libc_nano.a(lib_a-mbtowc_r.o)
 .ARM.attributes
                0x00000c6e       0x34 c:/program files (x86)/gnu arm embedded toolchain/10 2021.10/bin/../lib/gcc/arm-none-eabi/10.3.1/../../../../arm-none-eabi/lib/thumb/v7e-m+fp/hard\libc_nano.a(lib_a-memmove.o)
 .ARM.attributes
                0x00000ca2       0x34 c:/program files (x86)/gnu arm embedded toolchain/10 2021.10/bin/../lib/gcc/arm-none-eabi/10.3.1/../../../../arm-none-eabi/lib/thumb/v7e-m+fp/hard\libc_nano.a(lib_a-mlock.o)
 .ARM.attributes
                0x00000cd6       0x34 c:/program files (x86)/gnu arm embedded toolchain/10 2021.10/bin/../lib/gcc/arm-none-eabi/10.3.1/../../../../arm-none-eabi/lib/thumb/v7e-m+fp/hard\libc_nano.a(lib_a-nano-reallocr.o)
 .ARM.attributes
                0x00000d0a       0x34 c:/program files (x86)/gnu arm embedded toolchain/10 2021.10/bin/../lib/gcc/arm-none-eabi/10.3.1/../../../../arm-none-eabi/lib/thumb/v7e-m+fp/hard\libc_nano.a(lib_a-readr.o)
 .ARM.attributes
                0x00000d3e       0x34 c:/program files (x86)/gnu arm embedded toolchain/10 2021.10/bin/../lib/gcc/arm-none-eabi/10.3.1/../../../../arm-none-eabi/lib/thumb/v7e-m+fp/hard\libc_nano.a(lib_a-reent.o)
 .ARM.attributes
                0x00000d72       0x34 c:/program files (x86)/gnu arm embedded toolchain/10 2021.10/bin/../lib/gcc/arm-none-eabi/10.3.1/../../../../arm-none-eabi/lib/thumb/v7e-m+fp/hard\libc_nano.a(lib_a-wctomb_r.o)
 .ARM.attributes
                0x00000da6       0x34 c:/program files (x86)/gnu arm embedded toolchain/10 2021.10/bin/../lib/gcc/arm-none-eabi/10.3.1/../../../../arm-none-eabi/lib/thumb/v7e-m+fp/hard\libc_nano.a(lib_a-abort.o)
 .ARM.attributes
                0x00000dda       0x34 c:/program files (x86)/gnu arm embedded toolchain/10 2021.10/bin/../lib/gcc/arm-none-eabi/10.3.1/../../../../arm-none-eabi/lib/thumb/v7e-m+fp/hard\libc_nano.a(lib_a-ctype_.o)
 .ARM.attributes
                0x00000e0e       0x34 c:/program files (x86)/gnu arm embedded toolchain/10 2021.10/bin/../lib/gcc/arm-none-eabi/10.3.1/../../../../arm-none-eabi/lib/thumb/v7e-m+fp/hard\libc_nano.a(lib_a-nano-msizer.o)
 .ARM.attributes
                0x00000e42       0x34 c:/program files (x86)/gnu arm embedded toolchain/10 2021.10/bin/../lib/gcc/arm-none-eabi/10.3.1/../../../../arm-none-eabi/lib/thumb/v7e-m+fp/hard\libc_nano.a(lib_a-signal.o)
 .ARM.attributes
                0x00000e76       0x34 c:/program files (x86)/gnu arm embedded toolchain/10 2021.10/bin/../lib/gcc/arm-none-eabi/10.3.1/../../../../arm-none-eabi/lib/thumb/v7e-m+fp/hard\libc_nano.a(lib_a-signalr.o)
 .ARM.attributes
                0x00000eaa       0x34 c:/program files (x86)/gnu arm embedded toolchain/10 2021.10/bin/../lib/gcc/arm-none-eabi/10.3.1/../../../../arm-none-eabi/lib/thumb/v7e-m+fp/hard\libm.a(lib_a-wf_asin.o)
 .ARM.attributes
                0x00000ede       0x34 c:/program files (x86)/gnu arm embedded toolchain/10 2021.10/bin/../lib/gcc/arm-none-eabi/10.3.1/../../../../arm-none-eabi/lib/thumb/v7e-m+fp/hard\libm.a(lib_a-wf_sqrt.o)
 .ARM.attributes
                0x00000f12       0x34 c:/program files (x86)/gnu arm embedded toolchain/10 2021.10/bin/../lib/gcc/arm-none-eabi/10.3.1/../../../../arm-none-eabi/lib/thumb/v7e-m+fp/hard\libm.a(lib_a-ef_asin.o)
 .ARM.attributes
                0x00000f46       0x34 c:/program files (x86)/gnu arm embedded toolchain/10 2021.10/bin/../lib/gcc/arm-none-eabi/10.3.1/../../../../arm-none-eabi/lib/thumb/v7e-m+fp/hard\libm.a(lib_a-ef_sqrt.o)
 .ARM.attributes
                0x00000f7a       0x34 c:/program files (x86)/gnu arm embedded toolchain/10 2021.10/bin/../lib/gcc/arm-none-eabi/10.3.1/../../../../arm-none-eabi/lib/thumb/v7e-m+fp/hard\libm.a(lib_a-sf_fabs.o)
 .ARM.attributes
                0x00000fae       0x34 c:/program files (x86)/gnu arm embedded toolchain/10 2021.10/bin/../lib/gcc/arm-none-eabi/10.3.1/../../../../arm-none-eabi/lib/thumb/v7e-m+fp/hard\libm.a(lib_a-sf_nan.o)
 .ARM.attributes
                0x00000fe2       0x1e c:/program files (x86)/gnu arm embedded toolchain/10 2021.10/bin/../lib/gcc/arm-none-eabi/10.3.1/thumb/v7e-m+fp/hard\libgcc.a(_arm_addsubdf3.o)
 .ARM.attributes
                0x00001000       0x1e c:/program files (x86)/gnu arm embedded toolchain/10 2021.10/bin/../lib/gcc/arm-none-eabi/10.3.1/thumb/v7e-m+fp/hard\libgcc.a(_arm_muldivdf3.o)
 .ARM.attributes
                0x0000101e       0x1e c:/program files (x86)/gnu arm embedded toolchain/10 2021.10/bin/../lib/gcc/arm-none-eabi/10.3.1/thumb/v7e-m+fp/hard\libgcc.a(_arm_cmpdf2.o)
 .ARM.attributes
                0x0000103c       0x1e c:/program files (x86)/gnu arm embedded toolchain/10 2021.10/bin/../lib/gcc/arm-none-eabi/10.3.1/thumb/v7e-m+fp/hard\libgcc.a(_arm_unorddf2.o)
 .ARM.attributes
                0x0000105a       0x1e c:/program files (x86)/gnu arm embedded toolchain/10 2021.10/bin/../lib/gcc/arm-none-eabi/10.3.1/thumb/v7e-m+fp/hard\libgcc.a(_arm_fixdfsi.o)
 .ARM.attributes
                0x00001078       0x1e c:/program files (x86)/gnu arm embedded toolchain/10 2021.10/bin/../lib/gcc/arm-none-eabi/10.3.1/thumb/v7e-m+fp/hard\libgcc.a(_arm_truncdfsf2.o)
 .ARM.attributes
                0x00001096       0x1e c:/program files (x86)/gnu arm embedded toolchain/10 2021.10/bin/../lib/gcc/arm-none-eabi/10.3.1/thumb/v7e-m+fp/hard\libgcc.a(_aeabi_uldivmod.o)
 .ARM.attributes
                0x000010b4       0x34 c:/program files (x86)/gnu arm embedded toolchain/10 2021.10/bin/../lib/gcc/arm-none-eabi/10.3.1/thumb/v7e-m+fp/hard\libgcc.a(_udivmoddi4.o)
 .ARM.attributes
                0x000010e8       0x1e c:/program files (x86)/gnu arm embedded toolchain/10 2021.10/bin/../lib/gcc/arm-none-eabi/10.3.1/thumb/v7e-m+fp/hard\libgcc.a(_dvmd_tls.o)
 .ARM.attributes
                0x00001106       0x1e c:/program files (x86)/gnu arm embedded toolchain/10 2021.10/bin/../lib/gcc/arm-none-eabi/10.3.1/thumb/v7e-m+fp/hard/crtn.o

.comment        0x00000000       0x49
 .comment       0x00000000       0x49 build/main.o
                                 0x4a (size before relaxing)
 .comment       0x00000049       0x4a build/stm32f4xx_it.o
 .comment       0x00000049       0x4a build/stm32f4xx_hal_msp.o
 .comment       0x00000049       0x4a build/stm32f4xx_hal_i2c.o
 .comment       0x00000049       0x4a build/stm32f4xx_hal_rcc.o
 .comment       0x00000049       0x4a build/stm32f4xx_hal_gpio.o
 .comment       0x00000049       0x4a build/stm32f4xx_hal_cortex.o
 .comment       0x00000049       0x4a build/stm32f4xx_hal.o
 .comment       0x00000049       0x4a build/stm32f4xx_hal_uart.o
 .comment       0x00000049       0x4a build/arm_cos_f32.o
 .comment       0x00000049       0x4a build/arm_atan2_f32.o
 .comment       0x00000049       0x4a build/arm_sin_f32.o
 .comment       0x00000049       0x4a build/arm_quaternion_product_f32.o
 .comment       0x00000049       0x4a build/arm_quaternion_normalize_f32.o
 .comment       0x00000049       0x4a build/arm_quaternion_product_single_f32.o
 .comment       0x00000049       0x4a build/arm_common_tables.o
 .comment       0x00000049       0x4a build/system_stm32f4xx.o
 .comment       0x00000049       0x4a build/sysmem.o
 .comment       0x00000049       0x4a build/syscalls.o
 .comment       0x00000049       0x4a build/mpu6050_driver.o
 .comment       0x00000049       0x4a build/quaternion.o

.debug_info     0x00000000    0x11bca
 .debug_info    0x00000000     0x15f5 build/main.o
 .debug_info    0x000015f5      0x15a build/stm32f4xx_it.o
 .debug_info    0x0000174f      0xed4 build/stm32f4xx_hal_msp.o
 .debug_info    0x00002623     0x3b97 build/stm32f4xx_hal_i2c.o
 .debug_info    0x000061ba      0xc13 build/stm32f4xx_hal_rcc.o
 .debug_info    0x00006dcd      0x872 build/stm32f4xx_hal_gpio.o
 .debug_info    0x0000763f     0x1136 build/stm32f4xx_hal_cortex.o
 .debug_info    0x00008775      0xa66 build/stm32f4xx_hal.o
 .debug_info    0x000091db     0x4326 build/stm32f4xx_hal_uart.o
 .debug_info    0x0000d501      0x1b9 build/arm_cos_f32.o
 .debug_info    0x0000d6ba      0x3ee build/arm_atan2_f32.o
 .debug_info    0x0000daa8      0x1b9 build/arm_sin_f32.o
 .debug_info    0x0000dc61      0x167 build/arm_quaternion_product_f32.o
 .debug_info    0x0000ddc8      0x158 build/arm_quaternion_normalize_f32.o
 .debug_info    0x0000df20       0xec build/arm_quaternion_product_single_f32.o
 .debug_info    0x0000e00c     0x153b build/arm_common_tables.o
 .debug_info    0x0000f547      0x5e5 build/system_stm32f4xx.o
 .debug_info    0x0000fb2c      0x185 build/sysmem.o
 .debug_info    0x0000fcb1      0x835 build/syscalls.o
 .debug_info    0x000104e6      0xf28 build/mpu6050_driver.o
 .debug_info    0x0001140e      0x79a build/quaternion.o
 .debug_info    0x00011ba8       0x22 build/startup_stm32f411xe.o

.debug_abbrev   0x00000000     0x2487
 .debug_abbrev  0x00000000      0x2de build/main.o
 .debug_abbrev  0x000002de       0x81 build/stm32f4xx_it.o
 .debug_abbrev  0x0000035f      0x1b1 build/stm32f4xx_hal_msp.o
 .debug_abbrev  0x00000510      0x304 build/stm32f4xx_hal_i2c.o
 .debug_abbrev  0x00000814      0x2aa build/stm32f4xx_hal_rcc.o
 .debug_abbrev  0x00000abe      0x22b build/stm32f4xx_hal_gpio.o
 .debug_abbrev  0x00000ce9      0x379 build/stm32f4xx_hal_cortex.o
 .debug_abbrev  0x00001062      0x23a build/stm32f4xx_hal.o
 .debug_abbrev  0x0000129c      0x367 build/stm32f4xx_hal_uart.o
 .debug_abbrev  0x00001603       0xce build/arm_cos_f32.o
 .debug_abbrev  0x000016d1      0x18a build/arm_atan2_f32.o
 .debug_abbrev  0x0000185b       0xce build/arm_sin_f32.o
 .debug_abbrev  0x00001929       0xdd build/arm_quaternion_product_f32.o
 .debug_abbrev  0x00001a06       0xd1 build/arm_quaternion_normalize_f32.o
 .debug_abbrev  0x00001ad7       0x78 build/arm_quaternion_product_single_f32.o
 .debug_abbrev  0x00001b4f       0xb9 build/arm_common_tables.o
 .debug_abbrev  0x00001c08      0x11b build/system_stm32f4xx.o
 .debug_abbrev  0x00001d23       0xea build/sysmem.o
 .debug_abbrev  0x00001e0d      0x1c4 build/syscalls.o
 .debug_abbrev  0x00001fd1      0x22a build/mpu6050_driver.o
 .debug_abbrev  0x000021fb      0x27a build/quaternion.o
 .debug_abbrev  0x00002475       0x12 build/startup_stm32f411xe.o

.debug_loc      0x00000000     0xd185
 .debug_loc     0x00000000      0x130 build/main.o
 .debug_loc     0x00000130       0x20 build/stm32f4xx_it.o
 .debug_loc     0x00000150      0x1eb build/stm32f4xx_hal_msp.o
 .debug_loc     0x0000033b     0x4e61 build/stm32f4xx_hal_i2c.o
 .debug_loc     0x0000519c      0x6e4 build/stm32f4xx_hal_rcc.o
 .debug_loc     0x00005880      0x5e8 build/stm32f4xx_hal_gpio.o
 .debug_loc     0x00005e68      0x7a4 build/stm32f4xx_hal_cortex.o
 .debug_loc     0x0000660c      0x1e1 build/stm32f4xx_hal.o
 .debug_loc     0x000067ed     0x4d30 build/stm32f4xx_hal_uart.o
 .debug_loc     0x0000b51d      0x12f build/arm_cos_f32.o
 .debug_loc     0x0000b64c      0x658 build/arm_atan2_f32.o
 .debug_loc     0x0000bca4      0x12f build/arm_sin_f32.o
 .debug_loc     0x0000bdd3       0xcb build/arm_quaternion_product_f32.o
 .debug_loc     0x0000be9e       0xfa build/arm_quaternion_normalize_f32.o
 .debug_loc     0x0000bf98      0x158 build/system_stm32f4xx.o
 .debug_loc     0x0000c0f0       0x84 build/sysmem.o
 .debug_loc     0x0000c174      0x511 build/syscalls.o
 .debug_loc     0x0000c685      0x2f0 build/mpu6050_driver.o
 .debug_loc     0x0000c975      0x810 build/quaternion.o

.debug_aranges  0x00000000      0xaa0
 .debug_aranges
                0x00000000       0x48 build/main.o
 .debug_aranges
                0x00000048       0x60 build/stm32f4xx_it.o
 .debug_aranges
                0x000000a8       0x40 build/stm32f4xx_hal_msp.o
 .debug_aranges
                0x000000e8      0x2a8 build/stm32f4xx_hal_i2c.o
 .debug_aranges
                0x00000390       0x88 build/stm32f4xx_hal_rcc.o
 .debug_aranges
                0x00000418       0x58 build/stm32f4xx_hal_gpio.o
 .debug_aranges
                0x00000470       0xc0 build/stm32f4xx_hal_cortex.o
 .debug_aranges
                0x00000530       0xf0 build/stm32f4xx_hal.o
 .debug_aranges
                0x00000620      0x208 build/stm32f4xx_hal_uart.o
 .debug_aranges
                0x00000828       0x20 build/arm_cos_f32.o
 .debug_aranges
                0x00000848       0x20 build/arm_atan2_f32.o
 .debug_aranges
                0x00000868       0x20 build/arm_sin_f32.o
 .debug_aranges
                0x00000888       0x20 build/arm_quaternion_product_f32.o
 .debug_aranges
                0x000008a8       0x20 build/arm_quaternion_normalize_f32.o
 .debug_aranges
                0x000008c8       0x20 build/arm_quaternion_product_single_f32.o
 .debug_aranges
                0x000008e8       0x18 build/arm_common_tables.o
 .debug_aranges
                0x00000900       0x28 build/system_stm32f4xx.o
 .debug_aranges
                0x00000928       0x20 build/sysmem.o
 .debug_aranges
                0x00000948       0xa8 build/syscalls.o
 .debug_aranges
                0x000009f0       0x38 build/mpu6050_driver.o
 .debug_aranges
                0x00000a28       0x50 build/quaternion.o
 .debug_aranges
                0x00000a78       0x28 build/startup_stm32f411xe.o

.debug_ranges   0x00000000      0xad8
 .debug_ranges  0x00000000       0x38 build/main.o
 .debug_ranges  0x00000038       0x50 build/stm32f4xx_it.o
 .debug_ranges  0x00000088       0x30 build/stm32f4xx_hal_msp.o
 .debug_ranges  0x000000b8      0x2b0 build/stm32f4xx_hal_i2c.o
 .debug_ranges  0x00000368       0x90 build/stm32f4xx_hal_rcc.o
 .debug_ranges  0x000003f8       0x48 build/stm32f4xx_hal_gpio.o
 .debug_ranges  0x00000440      0x110 build/stm32f4xx_hal_cortex.o
 .debug_ranges  0x00000550       0xe0 build/stm32f4xx_hal.o
 .debug_ranges  0x00000630      0x210 build/stm32f4xx_hal_uart.o
 .debug_ranges  0x00000840       0x10 build/arm_cos_f32.o
 .debug_ranges  0x00000850       0xe8 build/arm_atan2_f32.o
 .debug_ranges  0x00000938       0x10 build/arm_sin_f32.o
 .debug_ranges  0x00000948       0x10 build/arm_quaternion_product_f32.o
 .debug_ranges  0x00000958       0x10 build/arm_quaternion_normalize_f32.o
 .debug_ranges  0x00000968       0x10 build/arm_quaternion_product_single_f32.o
 .debug_ranges  0x00000978       0x18 build/system_stm32f4xx.o
 .debug_ranges  0x00000990       0x10 build/sysmem.o
 .debug_ranges  0x000009a0       0x98 build/syscalls.o
 .debug_ranges  0x00000a38       0x28 build/mpu6050_driver.o
 .debug_ranges  0x00000a60       0x58 build/quaternion.o
 .debug_ranges  0x00000ab8       0x20 build/startup_stm32f411xe.o

.debug_line     0x00000000     0xe366
 .debug_line    0x00000000      0x62d build/main.o
 .debug_line    0x0000062d      0x179 build/stm32f4xx_it.o
 .debug_line    0x000007a6      0x345 build/stm32f4xx_hal_msp.o
 .debug_line    0x00000aeb     0x5487 build/stm32f4xx_hal_i2c.o
 .debug_line    0x00005f72      0xb5d build/stm32f4xx_hal_rcc.o
 .debug_line    0x00006acf      0x6d7 build/stm32f4xx_hal_gpio.o
 .debug_line    0x000071a6      0x7c0 build/stm32f4xx_hal_cortex.o
 .debug_line    0x00007966      0x579 build/stm32f4xx_hal.o
 .debug_line    0x00007edf     0x42cf build/stm32f4xx_hal_uart.o
 .debug_line    0x0000c1ae      0x211 build/arm_cos_f32.o
 .debug_line    0x0000c3bf      0x3b2 build/arm_atan2_f32.o
 .debug_line    0x0000c771      0x20e build/arm_sin_f32.o
 .debug_line    0x0000c97f      0x225 build/arm_quaternion_product_f32.o
 .debug_line    0x0000cba4      0x2ef build/arm_quaternion_normalize_f32.o
 .debug_line    0x0000ce93      0x18b build/arm_quaternion_product_single_f32.o
 .debug_line    0x0000d01e      0x172 build/arm_common_tables.o
 .debug_line    0x0000d190      0x264 build/system_stm32f4xx.o
 .debug_line    0x0000d3f4      0x1e0 build/sysmem.o
 .debug_line    0x0000d5d4      0x416 build/syscalls.o
 .debug_line    0x0000d9ea      0x553 build/mpu6050_driver.o
 .debug_line    0x0000df3d      0x3b3 build/quaternion.o
 .debug_line    0x0000e2f0       0x76 build/startup_stm32f411xe.o

.debug_str      0x00000000     0x3d50
 .debug_str     0x00000000      0xcf9 build/main.o
                                0xde9 (size before relaxing)
 .debug_str     0x00000cf9       0xb4 build/stm32f4xx_it.o
                                0x22a (size before relaxing)
 .debug_str     0x00000dad       0xa7 build/stm32f4xx_hal_msp.o
                                0xaa1 (size before relaxing)
 .debug_str     0x00000e54      0x907 build/stm32f4xx_hal_i2c.o
                               0x103d (size before relaxing)
 .debug_str     0x0000175b      0x1f8 build/stm32f4xx_hal_rcc.o
                                0x713 (size before relaxing)
 .debug_str     0x00001953      0x125 build/stm32f4xx_hal_gpio.o
                                0x4ed (size before relaxing)
 .debug_str     0x00001a78      0x8c8 build/stm32f4xx_hal_cortex.o
                                0xb18 (size before relaxing)
 .debug_str     0x00002340      0x290 build/stm32f4xx_hal.o
                                0xa0f (size before relaxing)
 .debug_str     0x000025d0      0x607 build/stm32f4xx_hal_uart.o
                                0xd96 (size before relaxing)
 .debug_str     0x00002bd7       0x66 build/arm_cos_f32.o
                                0x224 (size before relaxing)
 .debug_str     0x00002c3d      0x133 build/arm_atan2_f32.o
                                0x2d1 (size before relaxing)
 .debug_str     0x00002d70       0x4c build/arm_sin_f32.o
                                0x224 (size before relaxing)
 .debug_str     0x00002dbc       0x99 build/arm_quaternion_product_f32.o
                                0x23f (size before relaxing)
 .debug_str     0x00002e55       0x9c build/arm_quaternion_normalize_f32.o
                                0x255 (size before relaxing)
 .debug_str     0x00002ef1       0x55 build/arm_quaternion_product_single_f32.o
                                0x209 (size before relaxing)
 .debug_str     0x00002f46      0x976 build/arm_common_tables.o
                                0xb57 (size before relaxing)
 .debug_str     0x000038bc       0x47 build/system_stm32f4xx.o
                                0x382 (size before relaxing)
 .debug_str     0x00003903       0x7a build/sysmem.o
                                0x220 (size before relaxing)
 .debug_str     0x0000397d      0x20d build/syscalls.o
                                0x3f4 (size before relaxing)
 .debug_str     0x00003b8a       0xb0 build/mpu6050_driver.o
                                0x908 (size before relaxing)
 .debug_str     0x00003c3a       0xf2 build/quaternion.o
                                0x41d (size before relaxing)
 .debug_str     0x00003d2c       0x24 build/startup_stm32f411xe.o
                                 0x65 (size before relaxing)

.debug_frame    0x00000000     0x304c
 .debug_frame   0x00000000       0xb0 build/main.o
 .debug_frame   0x000000b0       0xa8 build/stm32f4xx_it.o
 .debug_frame   0x00000158       0xa0 build/stm32f4xx_hal_msp.o
 .debug_frame   0x000001f8      0x988 build/stm32f4xx_hal_i2c.o
 .debug_frame   0x00000b80      0x16c build/stm32f4xx_hal_rcc.o
 .debug_frame   0x00000cec       0xd8 build/stm32f4xx_hal_gpio.o
 .debug_frame   0x00000dc4      0x178 build/stm32f4xx_hal_cortex.o
 .debug_frame   0x00000f3c      0x1ec build/stm32f4xx_hal.o
 .debug_frame   0x00001128      0x5e4 build/stm32f4xx_hal_uart.o
 .debug_frame   0x0000170c       0x20 build/arm_cos_f32.o
 .debug_frame   0x0000172c       0x30 build/arm_atan2_f32.o
 .debug_frame   0x0000175c       0x20 build/arm_sin_f32.o
 .debug_frame   0x0000177c       0x30 build/arm_quaternion_product_f32.o
 .debug_frame   0x000017ac       0x3c build/arm_quaternion_normalize_f32.o
 .debug_frame   0x000017e8       0x20 build/arm_quaternion_product_single_f32.o
 .debug_frame   0x00001808       0x30 build/system_stm32f4xx.o
 .debug_frame   0x00001838       0x28 build/sysmem.o
 .debug_frame   0x00001860      0x190 build/syscalls.o
 .debug_frame   0x000019f0       0x94 build/mpu6050_driver.o
 .debug_frame   0x00001a84      0x104 build/quaternion.o
 .debug_frame   0x00001b88       0x20 c:/program files (x86)/gnu arm embedded toolchain/10 2021.10/bin/../lib/gcc/arm-none-eabi/10.3.1/../../../../arm-none-eabi/lib/thumb/v7e-m+fp/hard\libc_nano.a(lib_a-errno.o)